Archive member included to satisfy reference by file (symbol)

c:/progra~2/gnuarm~1/102020~1/bin/../lib/gcc/arm-none-eabi/10.2.1/thumb/v6-m/nofp\libgcc.a(_dvmd_tls.o)
                              CMakeFiles/main.dir/C_/Pico/pico-sdk/src/rp2_common/pico_divider/divider.S.obj (__aeabi_idiv0)
c:/progra~2/gnuarm~1/102020~1/bin/../lib/gcc/arm-none-eabi/10.2.1/../../../../arm-none-eabi/lib/thumb/v6-m/nofp\libc.a(lib_a-atoi.o)
                              CMakeFiles/main.dir/src/Settings.c.obj (atoi)
c:/progra~2/gnuarm~1/102020~1/bin/../lib/gcc/arm-none-eabi/10.2.1/../../../../arm-none-eabi/lib/thumb/v6-m/nofp\libc.a(lib_a-calloc.o)
                              CMakeFiles/main.dir/C_/Pico/pico-sdk/src/rp2_common/pico_malloc/pico_malloc.c.obj (calloc)
c:/progra~2/gnuarm~1/102020~1/bin/../lib/gcc/arm-none-eabi/10.2.1/../../../../arm-none-eabi/lib/thumb/v6-m/nofp\libc.a(lib_a-callocr.o)
                              c:/progra~2/gnuarm~1/102020~1/bin/../lib/gcc/arm-none-eabi/10.2.1/../../../../arm-none-eabi/lib/thumb/v6-m/nofp\libc.a(lib_a-calloc.o) (_calloc_r)
c:/progra~2/gnuarm~1/102020~1/bin/../lib/gcc/arm-none-eabi/10.2.1/../../../../arm-none-eabi/lib/thumb/v6-m/nofp\libc.a(lib_a-impure.o)
                              c:/progra~2/gnuarm~1/102020~1/bin/../lib/gcc/arm-none-eabi/10.2.1/../../../../arm-none-eabi/lib/thumb/v6-m/nofp\libc.a(lib_a-calloc.o) (_impure_ptr)
c:/progra~2/gnuarm~1/102020~1/bin/../lib/gcc/arm-none-eabi/10.2.1/../../../../arm-none-eabi/lib/thumb/v6-m/nofp\libc.a(lib_a-init.o)
                              c:/progra~2/gnuarm~1/102020~1/bin/../lib/gcc/arm-none-eabi/10.2.1/../../../../arm-none-eabi/lib/thumb/v6-m/nofp/crt0.o (__libc_init_array)
c:/progra~2/gnuarm~1/102020~1/bin/../lib/gcc/arm-none-eabi/10.2.1/../../../../arm-none-eabi/lib/thumb/v6-m/nofp\libc.a(lib_a-malloc.o)
                              CMakeFiles/main.dir/C_/Pico/pico-sdk/src/rp2_common/pico_malloc/pico_malloc.c.obj (malloc)
c:/progra~2/gnuarm~1/102020~1/bin/../lib/gcc/arm-none-eabi/10.2.1/../../../../arm-none-eabi/lib/thumb/v6-m/nofp\libc.a(lib_a-mallocr.o)
                              c:/progra~2/gnuarm~1/102020~1/bin/../lib/gcc/arm-none-eabi/10.2.1/../../../../arm-none-eabi/lib/thumb/v6-m/nofp\libc.a(lib_a-callocr.o) (_malloc_r)
c:/progra~2/gnuarm~1/102020~1/bin/../lib/gcc/arm-none-eabi/10.2.1/../../../../arm-none-eabi/lib/thumb/v6-m/nofp\libc.a(lib_a-mlock.o)
                              c:/progra~2/gnuarm~1/102020~1/bin/../lib/gcc/arm-none-eabi/10.2.1/../../../../arm-none-eabi/lib/thumb/v6-m/nofp\libc.a(lib_a-mallocr.o) (__malloc_lock)
c:/progra~2/gnuarm~1/102020~1/bin/../lib/gcc/arm-none-eabi/10.2.1/../../../../arm-none-eabi/lib/thumb/v6-m/nofp\libc.a(lib_a-sbrkr.o)
                              c:/progra~2/gnuarm~1/102020~1/bin/../lib/gcc/arm-none-eabi/10.2.1/../../../../arm-none-eabi/lib/thumb/v6-m/nofp\libc.a(lib_a-mallocr.o) (_sbrk_r)
c:/progra~2/gnuarm~1/102020~1/bin/../lib/gcc/arm-none-eabi/10.2.1/../../../../arm-none-eabi/lib/thumb/v6-m/nofp\libc.a(lib_a-strlen-stub.o)
                              CMakeFiles/main.dir/C_/Pico/pico-sdk/src/rp2_common/pico_stdio/stdio.c.obj (strlen)
c:/progra~2/gnuarm~1/102020~1/bin/../lib/gcc/arm-none-eabi/10.2.1/../../../../arm-none-eabi/lib/thumb/v6-m/nofp\libc.a(lib_a-strtol.o)
                              c:/progra~2/gnuarm~1/102020~1/bin/../lib/gcc/arm-none-eabi/10.2.1/../../../../arm-none-eabi/lib/thumb/v6-m/nofp\libc.a(lib_a-atoi.o) (_strtol_r)
c:/progra~2/gnuarm~1/102020~1/bin/../lib/gcc/arm-none-eabi/10.2.1/../../../../arm-none-eabi/lib/thumb/v6-m/nofp\libc.a(lib_a-ctype_.o)
                              c:/progra~2/gnuarm~1/102020~1/bin/../lib/gcc/arm-none-eabi/10.2.1/../../../../arm-none-eabi/lib/thumb/v6-m/nofp\libc.a(lib_a-strtol.o) (_ctype_)
c:/progra~2/gnuarm~1/102020~1/bin/../lib/gcc/arm-none-eabi/10.2.1/../../../../arm-none-eabi/lib/thumb/v6-m/nofp\libc.a(lib_a-errno.o)
                              c:/progra~2/gnuarm~1/102020~1/bin/../lib/gcc/arm-none-eabi/10.2.1/../../../../arm-none-eabi/lib/thumb/v6-m/nofp\libc.a(lib_a-strtol.o) (__errno)
c:/progra~2/gnuarm~1/102020~1/bin/../lib/gcc/arm-none-eabi/10.2.1/../../../../arm-none-eabi/lib/thumb/v6-m/nofp\libc.a(lib_a-freer.o)
                              c:/progra~2/gnuarm~1/102020~1/bin/../lib/gcc/arm-none-eabi/10.2.1/../../../../arm-none-eabi/lib/thumb/v6-m/nofp\libc.a(lib_a-malloc.o) (_free_r)
c:/progra~2/gnuarm~1/102020~1/bin/../lib/gcc/arm-none-eabi/10.2.1/../../../../arm-none-eabi/lib/thumb/v6-m/nofp\libc.a(lib_a-lock.o)
                              c:/progra~2/gnuarm~1/102020~1/bin/../lib/gcc/arm-none-eabi/10.2.1/../../../../arm-none-eabi/lib/thumb/v6-m/nofp\libc.a(lib_a-mlock.o) (__retarget_lock_acquire_recursive)
c:/progra~2/gnuarm~1/102020~1/bin/../lib/gcc/arm-none-eabi/10.2.1/../../../../arm-none-eabi/lib/thumb/v6-m/nofp\libc.a(lib_a-reent.o)
[...]
Memory Configuration

Name             Origin             Length             Attributes
FLASH            0x10000000         0x00200000         xr
RAM              0x20000000         0x00040000         xrw
SCRATCH_X        0x20040000         0x00001000         xrw
SCRATCH_Y        0x20041000         0x00001000         xrw
*default*        0x00000000         0xffffffff

Linker script and memory map

LOAD c:/progra~2/gnuarm~1/102020~1/bin/../lib/gcc/arm-none-eabi/10.2.1/thumb/v6-m/nofp/crti.o
LOAD c:/progra~2/gnuarm~1/102020~1/bin/../lib/gcc/arm-none-eabi/10.2.1/thumb/v6-m/nofp/crtbegin.o
LOAD c:/progra~2/gnuarm~1/102020~1/bin/../lib/gcc/arm-none-eabi/10.2.1/../../../../arm-none-eabi/lib/thumb/v6-m/nofp/crt0.o

.flash_begin    0x10000000        0x0
                0x10000000                __flash_binary_start = .

.boot2          0x10000000      0x100
                0x10000000                __boot2_start__ = .
 *(.boot2)
 .boot2         0x10000000      0x100 C:\Users\Daniel\AppData\Local\Temp\cciA7sZS.o
                0x10000100                __boot2_end__ = .
                0x00000001                ASSERT (((__boot2_end__ - __boot2_start__) == 0x100), ERROR: Pico second stage bootloader must be 256 bytes in size)

.text           0x10000100     0x7710
                0x10000100                __logical_binary_start = .
 *(.vectors)
 .vectors       0x10000100       0xd4 CMakeFiles/main.dir/C_/Pico/pico-sdk/src/rp2_common/pico_standard_link/crt0.S.obj
                0x10000100                __VECTOR_TABLE
                0x10000100                __vectors
                0x100001c0                isr_invalid
                0x100001c0                __default_isrs_start
                0x100001c2                isr_nmi
                0x100001c4                isr_hardfault
                0x100001c6                isr_svcall
                0x100001c8                isr_pendsv
                0x100001ca                isr_systick
                0x100001cc                isr_irq23
                0x100001cc                isr_irq18
                0x100001cc                isr_irq11
                0x100001cc                isr_irq28
                0x100001cc                isr_irq19
                0x100001cc                isr_irq0
                0x100001cc                isr_irq6
                0x100001cc                isr_irq5
                0x100001cc                isr_irq12
                0x100001cc                isr_irq22
                0x100001cc                isr_irq31
                0x100001cc                isr_irq17
                0x100001cc                isr_irq27
                0x100001cc                isr_irq30
                0x100001cc                isr_irq2
                0x100001cc                isr_irq10
                0x100001cc                isr_irq8
                0x100001cc                isr_irq24
                0x100001cc                isr_irq1
                0x100001cc                isr_irq7
                0x100001cc                isr_irq21
                0x100001cc                isr_irq20
                0x100001cc                isr_irq15
                0x100001cc                isr_irq25
                0x100001cc                isr_irq13
                0x100001cc                __unhandled_user_irq
                0x100001cc                isr_irq4
                0x100001cc                isr_irq16
                0x100001cc                isr_irq29
                0x100001cc                isr_irq26
                0x100001cc                __default_isrs_end
                0x100001cc                isr_irq3
                0x100001cc                isr_irq14
                0x100001cc                isr_irq9
                0x100001d2                unhandled_user_irq_num_in_r0
 *(.binary_info_header)
 .binary_info_header
                0x100001d4       0x14 CMakeFiles/main.dir/C_/Pico/pico-sdk/src/rp2_common/pico_standard_link/crt0.S.obj
                0x100001e8                __binary_info_header_end = .
 *(.reset)
 .reset         0x100001e8       0xa8 CMakeFiles/main.dir/C_/Pico/pico-sdk/src/rp2_common/pico_standard_link/crt0.S.obj
                0x100001e8                _entry_point
                0x10000266                __get_current_exception
 .reset         0x10000290       0x30 CMakeFiles/main.dir/C_/Pico/pico-sdk/src/rp2_common/pico_standard_link/binary_info.c.obj
 *(.init)
 .init          0x100002c0        0x4 c:/progra~2/gnuarm~1/102020~1/bin/../lib/gcc/arm-none-eabi/10.2.1/thumb/v6-m/nofp/crti.o
                0x100002c0                _init
 *(EXCLUDE_FILE(*libm.a: *libc.a:*lib_a-mem*.o *libgcc.a:) .text*)
 .text          0x100002c4       0x48 c:/progra~2/gnuarm~1/102020~1/bin/../lib/gcc/arm-none-eabi/10.2.1/thumb/v6-m/nofp/crtbegin.o
 .text.Serial_in_Handler_Async
                0x1000030c       0x5c CMakeFiles/main.dir/src/Communication.c.obj
                0x1000030c                Serial_in_Handler_Async
 .text.DataIn_Get
                0x10000368       0x1c CMakeFiles/main.dir/src/Communication.c.obj
                0x10000368                DataIn_Get
 .text.DataIn_Clear
                0x10000384       0x1c CMakeFiles/main.dir/src/Communication.c.obj
                0x10000384                DataIn_Clear
 .text.DataIn_IsReady
                0x100003a0        0xc CMakeFiles/main.dir/src/Communication.c.obj
                0x100003a0                DataIn_IsReady
 .text.DataIn_ClearReady
                0x100003ac        0xc CMakeFiles/main.dir/src/Communication.c.obj
                0x100003ac                DataIn_ClearReady
 .text.Packet_Decode
                0x100003b8      0x298 CMakeFiles/main.dir/src/Communication.c.obj
                0x100003b8                Packet_Decode
 .text.Serial_Out_32
                0x10000650       0x34 CMakeFiles/main.dir/src/Communication.c.obj
                0x10000650                Serial_Out_32
 .text.Serial_Response
                0x10000684       0x10 CMakeFiles/main.dir/src/Communication.c.obj
                0x10000684                Serial_Response
 .text.SA_Stop  0x10000694       0x10 CMakeFiles/main.dir/src/Analyzer.c.obj
                0x10000694                SA_Stop
 .text.SA_Reset
                0x100006a4       0x10 CMakeFiles/main.dir/src/Analyzer.c.obj
                0x100006a4                SA_Reset
 .text.SA_Configure
                0x100006b4       0x10 CMakeFiles/main.dir/src/Analyzer.c.obj
                0x100006b4                SA_Configure
 .text.SA_TestDataOutput
                0x100006c4       0x20 CMakeFiles/main.dir/src/Analyzer.c.obj
                0x100006c4                SA_TestDataOutput
 .text.SA_Start
                0x100006e4        0x8 CMakeFiles/main.dir/src/Analyzer.c.obj
                0x100006e4                SA_Start
 .text.OSC_Start
                0x100006ec       0x10 CMakeFiles/main.dir/src/Scope.c.obj
                0x100006ec                OSC_Start
 .text.OSC_Stop
                0x100006fc       0x10 CMakeFiles/main.dir/src/Scope.c.obj
                0x100006fc                OSC_Stop
 .text.OSC_Reset
                0x1000070c       0x10 CMakeFiles/main.dir/src/Scope.c.obj
                0x1000070c                OSC_Reset
 .text.OSC_Configure
                0x1000071c       0x10 CMakeFiles/main.dir/src/Scope.c.obj
                0x1000071c                OSC_Configure
 .text.AWG_Start
                0x1000072c       0x10 CMakeFiles/main.dir/src/AWG.c.obj
                0x1000072c                AWG_Start
 .text.AWG_Stop
                0x1000073c       0x10 CMakeFiles/main.dir/src/AWG.c.obj
                0x1000073c                AWG_Stop
 .text.AWG_Reset
                0x1000074c       0x10 CMakeFiles/main.dir/src/AWG.c.obj
                0x1000074c                AWG_Reset
 .text.AWG_Configure
                0x1000075c       0x10 CMakeFiles/main.dir/src/AWG.c.obj
                0x1000075c                AWG_Configure
 .text.LIA_Start
                0x1000076c       0x10 CMakeFiles/main.dir/src/LIA.c.obj
                0x1000076c                LIA_Start
 .text.LIA_Stop
                0x1000077c       0x10 CMakeFiles/main.dir/src/LIA.c.obj
                0x1000077c                LIA_Stop
 .text.LIA_Reset
                0x1000078c       0x10 CMakeFiles/main.dir/src/LIA.c.obj
                0x1000078c                LIA_Reset
 .text.LIA_Configure
                0x1000079c       0x10 CMakeFiles/main.dir/src/LIA.c.obj
                0x1000079c                LIA_Configure
 .text.Init     0x100007ac       0x3c CMakeFiles/main.dir/src/Main.c.obj
                0x100007ac                Init
 .text.Print_Logo
                0x100007e8       0x24 CMakeFiles/main.dir/src/Main.c.obj
                0x100007e8                Print_Logo
 .text.startup.main
                0x1000080c       0x60 CMakeFiles/main.dir/src/Main.c.obj
                0x1000080c                main
 .text.runtime_init
                0x1000086c       0xf0 CMakeFiles/main.dir/C_/Pico/pico-sdk/src/rp2_common/pico_runtime/runtime.c.obj
                0x1000086c                runtime_init
 .text.exit     0x1000095c        0x4 CMakeFiles/main.dir/C_/Pico/pico-sdk/src/rp2_common/pico_runtime/runtime.c.obj
                0x1000095c                exit
 .text.panic    0x10000960       0x30 CMakeFiles/main.dir/C_/Pico/pico-sdk/src/rp2_common/pico_runtime/runtime.c.obj
                0x10000960                panic
 .text.hard_assertion_failure
                0x10000990        0xc CMakeFiles/main.dir/C_/Pico/pico-sdk/src/rp2_common/pico_runtime/runtime.c.obj
                0x10000990                hard_assertion_failure
 .text.hw_claim_or_assert
                0x1000099c       0x44 CMakeFiles/main.dir/C_/Pico/pico-sdk/src/rp2_common/hardware_claim/claim.c.obj
                0x1000099c                hw_claim_or_assert
 .text.hw_claim_unused_from_range
                0x100009e0       0x9c CMakeFiles/main.dir/C_/Pico/pico-sdk/src/rp2_common/hardware_claim/claim.c.obj
                0x100009e0                hw_claim_unused_from_range
 .text.running_on_fpga
                0x10000a7c       0x10 CMakeFiles/main.dir/C_/Pico/pico-sdk/src/rp2_common/pico_platform/platform.c.obj
                0x10000a7c                running_on_fpga
 .text.spin_locks_reset
                0x10000a8c       0x1c CMakeFiles/main.dir/C_/Pico/pico-sdk/src/rp2_common/hardware_sync/sync.c.obj
                0x10000a8c                spin_locks_reset
 .text.next_striped_spin_lock_num
                0x10000aa8       0x18 CMakeFiles/main.dir/C_/Pico/pico-sdk/src/rp2_common/hardware_sync/sync.c.obj
                0x10000aa8                next_striped_spin_lock_num
 .text.spin_lock_claim_unused
                0x10000ac0       0x20 CMakeFiles/main.dir/C_/Pico/pico-sdk/src/rp2_common/hardware_sync/sync.c.obj
                0x10000ac0                spin_lock_claim_unused
 .text.clock_configure
                0x10000ae0      0x114 CMakeFiles/main.dir/C_/Pico/pico-sdk/src/rp2_common/hardware_clocks/clocks.c.obj
                0x10000ae0                clock_configure
 .text.clocks_init
                0x10000bf4      0x2bc CMakeFiles/main.dir/C_/Pico/pico-sdk/src/rp2_common/hardware_clocks/clocks.c.obj
                0x10000bf4                clocks_init
 .text.clock_get_hz
                0x10000eb0        0xc CMakeFiles/main.dir/C_/Pico/pico-sdk/src/rp2_common/hardware_clocks/clocks.c.obj
                0x10000eb0                clock_get_hz
 .text.irq_set_enabled
                0x10000ebc       0x24 CMakeFiles/main.dir/C_/Pico/pico-sdk/src/rp2_common/hardware_irq/irq.c.obj
                0x10000ebc                irq_set_enabled
 .text.irq_set_pending
                0x10000ee0       0x10 CMakeFiles/main.dir/C_/Pico/pico-sdk/src/rp2_common/hardware_irq/irq.c.obj
                0x10000ee0                irq_set_pending
 .text.irq_get_vtable_handler
                0x10000ef0       0x10 CMakeFiles/main.dir/C_/Pico/pico-sdk/src/rp2_common/hardware_irq/irq.c.obj
                0x10000ef0                irq_get_vtable_handler
 .text.irq_set_exclusive_handler
                0x10000f00       0x54 CMakeFiles/main.dir/C_/Pico/pico-sdk/src/rp2_common/hardware_irq/irq.c.obj
                0x10000f00                irq_set_exclusive_handler
 .text.irq_remove_handler
                0x10000f54      0x1b4 CMakeFiles/main.dir/C_/Pico/pico-sdk/src/rp2_common/hardware_irq/irq.c.obj
                0x10000f54                irq_remove_handler
 .text.irq_add_tail_to_free_list
                0x10001108       0xb4 CMakeFiles/main.dir/C_/Pico/pico-sdk/src/rp2_common/hardware_irq/irq.c.obj
                0x10001108                irq_add_tail_to_free_list
 .text.irq_init_priorities
                0x100011bc       0x24 CMakeFiles/main.dir/C_/Pico/pico-sdk/src/rp2_common/hardware_irq/irq.c.obj
                0x100011bc                irq_init_priorities
 .text.lock_init
                0x100011e0       0x10 CMakeFiles/main.dir/C_/Pico/pico-sdk/src/common/pico_sync/lock_core.c.obj
                0x100011e0                lock_init
 .text.timer_pool_entry_comparator
                0x100011f0       0x34 CMakeFiles/main.dir/C_/Pico/pico-sdk/src/common/pico_time/time.c.obj
                0x100011f0                timer_pool_entry_comparator
 .text.sleep_until_callback
                0x10001224       0x30 CMakeFiles/main.dir/C_/Pico/pico-sdk/src/common/pico_time/time.c.obj
 .text.add_alarm_under_lock.isra.0
                0x10001254      0x100 CMakeFiles/main.dir/C_/Pico/pico-sdk/src/common/pico_time/time.c.obj
 .text.alarm_pool_alarm_callback
                0x10001354      0x1c8 CMakeFiles/main.dir/C_/Pico/pico-sdk/src/common/pico_time/time.c.obj
 .text.alarm_pool_add_alarm_at.constprop.0
                0x1000151c      0x11c CMakeFiles/main.dir/C_/Pico/pico-sdk/src/common/pico_time/time.c.obj
 .text.alarm_pool_init_default
                0x10001638       0x64 CMakeFiles/main.dir/C_/Pico/pico-sdk/src/common/pico_time/time.c.obj
                0x10001638                alarm_pool_init_default
 .text.alarm_pool_get_default
                0x1000169c        0x8 CMakeFiles/main.dir/C_/Pico/pico-sdk/src/common/pico_time/time.c.obj
                0x1000169c                alarm_pool_get_default
 .text.alarm_pool_add_alarm_at
                0x100016a4      0x198 CMakeFiles/main.dir/C_/Pico/pico-sdk/src/common/pico_time/time.c.obj
                0x100016a4                alarm_pool_add_alarm_at
 .text.sleep_until
                0x1000183c       0xac CMakeFiles/main.dir/C_/Pico/pico-sdk/src/common/pico_time/time.c.obj
                0x1000183c                sleep_until
 .text.sleep_ms
                0x100018e8       0x38 CMakeFiles/main.dir/C_/Pico/pico-sdk/src/common/pico_time/time.c.obj
                0x100018e8                sleep_ms
 .text.best_effort_wfe_or_timeout
                0x10001920       0xd4 CMakeFiles/main.dir/C_/Pico/pico-sdk/src/common/pico_time/time.c.obj
                0x10001920                best_effort_wfe_or_timeout
 .text.hardware_alarm_irq_handler
                0x100019f4       0xb8 CMakeFiles/main.dir/C_/Pico/pico-sdk/src/rp2_common/hardware_timer/timer.c.obj
 .text.hardware_alarm_claim
                0x10001aac       0x18 CMakeFiles/main.dir/C_/Pico/pico-sdk/src/rp2_common/hardware_timer/timer.c.obj
                0x10001aac                hardware_alarm_claim
 .text.time_us_64
                0x10001ac4       0x14 CMakeFiles/main.dir/C_/Pico/pico-sdk/src/rp2_common/hardware_timer/timer.c.obj
                0x10001ac4                time_us_64
 .text.busy_wait_us
                0x10001ad8       0x54 CMakeFiles/main.dir/C_/Pico/pico-sdk/src/rp2_common/hardware_timer/timer.c.obj
                0x10001ad8                busy_wait_us
 .text.busy_wait_until
                0x10001b2c       0x20 CMakeFiles/main.dir/C_/Pico/pico-sdk/src/rp2_common/hardware_timer/timer.c.obj
                0x10001b2c                busy_wait_until
 .text.hardware_alarm_set_callback
                0x10001b4c       0x8c CMakeFiles/main.dir/C_/Pico/pico-sdk/src/rp2_common/hardware_timer/timer.c.obj
                0x10001b4c                hardware_alarm_set_callback
 .text.hardware_alarm_set_target
                0x10001bd8       0xe0 CMakeFiles/main.dir/C_/Pico/pico-sdk/src/rp2_common/hardware_timer/timer.c.obj
                0x10001bd8                hardware_alarm_set_target
 .text.hardware_alarm_cancel
                0x10001cb8       0x3c CMakeFiles/main.dir/C_/Pico/pico-sdk/src/rp2_common/hardware_timer/timer.c.obj
                0x10001cb8                hardware_alarm_cancel
 .text.ph_merge_nodes
                0x10001cf4       0x68 CMakeFiles/main.dir/C_/Pico/pico-sdk/src/common/pico_util/pheap.c.obj
 .text.ph_post_alloc_init
                0x10001d5c       0x3c CMakeFiles/main.dir/C_/Pico/pico-sdk/src/common/pico_util/pheap.c.obj
                0x10001d5c                ph_post_alloc_init
 .text.ph_merge_two_pass
                0x10001d98       0x90 CMakeFiles/main.dir/C_/Pico/pico-sdk/src/common/pico_util/pheap.c.obj
                0x10001d98                ph_merge_two_pass
 .text.ph_remove_any_head
                0x10001e28       0xf8 CMakeFiles/main.dir/C_/Pico/pico-sdk/src/common/pico_util/pheap.c.obj
 .text.ph_remove_head
                0x10001f20       0xfc CMakeFiles/main.dir/C_/Pico/pico-sdk/src/common/pico_util/pheap.c.obj
                0x10001f20                ph_remove_head
 .text.ph_remove_and_free_node
                0x1000201c       0x7c CMakeFiles/main.dir/C_/Pico/pico-sdk/src/common/pico_util/pheap.c.obj
                0x1000201c                ph_remove_and_free_node
 .text.mutex_init
                0x10002098       0x1c CMakeFiles/main.dir/C_/Pico/pico-sdk/src/common/pico_sync/mutex.c.obj
                0x10002098                mutex_init
 .text.recursive_mutex_init
                0x100020b4       0x1c CMakeFiles/main.dir/C_/Pico/pico-sdk/src/common/pico_sync/mutex.c.obj
                0x100020b4                recursive_mutex_init
 .text.critical_section_init
                0x100020d0       0x20 CMakeFiles/main.dir/C_/Pico/pico-sdk/src/common/pico_sync/critical_section.c.obj
                0x100020d0                critical_section_init
 .text.pll_init
                0x100020f0       0xa8 CMakeFiles/main.dir/C_/Pico/pico-sdk/src/rp2_common/hardware_pll/pll.c.obj
                0x100020f0                pll_init
 .text.vreg_set_voltage
                0x10002198       0x1c CMakeFiles/main.dir/C_/Pico/pico-sdk/src/rp2_common/hardware_vreg/vreg.c.obj
                0x10002198                vreg_set_voltage
 .text.watchdog_start_tick
                0x100021b4       0x10 CMakeFiles/main.dir/C_/Pico/pico-sdk/src/rp2_common/hardware_watchdog/watchdog.c.obj
                0x100021b4                watchdog_start_tick
 .text.watchdog_reboot
                0x100021c4       0x98 CMakeFiles/main.dir/C_/Pico/pico-sdk/src/rp2_common/hardware_watchdog/watchdog.c.obj
                0x100021c4                watchdog_reboot
 .text.xosc_init
                0x1000225c       0x28 CMakeFiles/main.dir/C_/Pico/pico-sdk/src/rp2_common/hardware_xosc/xosc.c.obj
                0x1000225c                xosc_init
 .text._out_null
                0x10002284        0x4 CMakeFiles/main.dir/C_/Pico/pico-sdk/src/rp2_common/pico_printf/printf.c.obj
 .text._out_rev
                0x10002288       0x9c CMakeFiles/main.dir/C_/Pico/pico-sdk/src/rp2_common/pico_printf/printf.c.obj
 .text._ntoa_format
                0x10002324      0x1cc CMakeFiles/main.dir/C_/Pico/pico-sdk/src/rp2_common/pico_printf/printf.c.obj
 .text._out_char
                0x100024f0       0x10 CMakeFiles/main.dir/C_/Pico/pico-sdk/src/rp2_common/pico_printf/printf.c.obj
 .text._out_fct
                0x10002500       0x10 CMakeFiles/main.dir/C_/Pico/pico-sdk/src/rp2_common/pico_printf/printf.c.obj
 .text._etoa    0x10002510      0x44c CMakeFiles/main.dir/C_/Pico/pico-sdk/src/rp2_common/pico_printf/printf.c.obj
 .text._ftoa    0x1000295c      0x398 CMakeFiles/main.dir/C_/Pico/pico-sdk/src/rp2_common/pico_printf/printf.c.obj
 .text._vsnprintf
                0x10002cf4      0xb04 CMakeFiles/main.dir/C_/Pico/pico-sdk/src/rp2_common/pico_printf/printf.c.obj
 .text.vfctprintf
                0x100037f8       0x20 CMakeFiles/main.dir/C_/Pico/pico-sdk/src/rp2_common/pico_printf/printf.c.obj
                0x100037f8                vfctprintf
 .text.weak_raw_vprintf
                0x10003818       0x30 CMakeFiles/main.dir/C_/Pico/pico-sdk/src/rp2_common/pico_printf/printf.c.obj
                0x10003818                weak_raw_vprintf
 .text          0x10003848       0x10 CMakeFiles/main.dir/C_/Pico/pico-sdk/src/rp2_common/pico_bit_ops/bit_ops_aeabi.S.obj
 .text.rom_func_lookup
                0x10003858       0x10 CMakeFiles/main.dir/C_/Pico/pico-sdk/src/rp2_common/pico_bootrom/bootrom.c.obj
                0x10003858                rom_func_lookup
 .text.rom_data_lookup
                0x10003868       0x10 CMakeFiles/main.dir/C_/Pico/pico-sdk/src/rp2_common/pico_bootrom/bootrom.c.obj
                0x10003868                rom_data_lookup
 .text.rom_funcs_lookup
                0x10003878       0x44 CMakeFiles/main.dir/C_/Pico/pico-sdk/src/rp2_common/pico_bootrom/bootrom.c.obj
                0x10003878                rom_funcs_lookup
 .text.__wrap___aeabi_idiv
                0x100038bc       0x50 CMakeFiles/main.dir/C_/Pico/pico-sdk/src/rp2_common/pico_divider/divider.S.obj
                0x100038bc                __wrap___aeabi_idivmod
                0x100038bc                divmod_s32s32
                0x100038bc                div_s32s32
                0x100038bc                __wrap___aeabi_idiv
                0x100038c4                divmod_s32s32_unsafe
                0x100038f0                divmod_s32s32_savestate
 .text.__wrap___aeabi_uidiv
                0x1000390c       0x4c CMakeFiles/main.dir/C_/Pico/pico-sdk/src/rp2_common/pico_divider/divider.S.obj
                0x1000390c                __wrap___aeabi_uidiv
                0x1000390c                __wrap___aeabi_uidivmod
                0x1000390c                div_u32u32
                0x1000390c                divmod_u32u32
                0x10003914                divmod_u32u32_unsafe
                0x1000393c                divmod_u32u32_savestate
 .text.__wrap___aeabi_ldiv
                0x10003958      0x434 CMakeFiles/main.dir/C_/Pico/pico-sdk/src/rp2_common/pico_divider/divider.S.obj
                0x10003958                div_s64s64
                0x10003958                divmod_s64s64
                0x10003958                __wrap___aeabi_ldivmod
                0x10003990                divmod_u64u64
                0x10003990                div_u64u64
                0x10003990                __wrap___aeabi_uldivmod
                0x100039a0                divmod_u64u64_savestate
                0x100039c8                divmod_s64s64_unsafe
                0x10003a50                divmod_u64u64_unsafe
 .text.__wrap___aeabi_darithmetic
                0x10003d8c       0x80 CMakeFiles/main.dir/C_/Pico/pico-sdk/src/rp2_common/pico_double/double_aeabi.S.obj
                0x10003d8c                __wrap___aeabi_drsub
                0x10003d92                __wrap___aeabi_dsub
                0x10003da4                __wrap___aeabi_dadd
                0x10003db6                __wrap___aeabi_ddiv
                0x10003df2                __wrap___aeabi_dmul
 .text.__wrap___aeabi_cdcmple
                0x10003e0c       0x6c CMakeFiles/main.dir/C_/Pico/pico-sdk/src/rp2_common/pico_double/double_aeabi.S.obj
                0x10003e0c                __wrap___aeabi_cdrcmple
                0x10003e1c                __wrap___aeabi_cdcmpeq
                0x10003e1c                __wrap___aeabi_cdcmple
 .text.__wrap___aeabi_dcmplt
                0x10003e78        0xc CMakeFiles/main.dir/C_/Pico/pico-sdk/src/rp2_common/pico_double/double_aeabi.S.obj
                0x10003e78                __wrap___aeabi_dcmplt
 .text.__wrap___aeabi_dcmple
                0x10003e84       0x10 CMakeFiles/main.dir/C_/Pico/pico-sdk/src/rp2_common/pico_double/double_aeabi.S.obj
                0x10003e84                __wrap___aeabi_dcmple
 .text.__wrap___aeabi_dcmpge
                0x10003e94       0x10 CMakeFiles/main.dir/C_/Pico/pico-sdk/src/rp2_common/pico_double/double_aeabi.S.obj
                0x10003e94                __wrap___aeabi_dcmpge
 .text.__wrap___aeabi_dcmpgt
                0x10003ea4        0xa CMakeFiles/main.dir/C_/Pico/pico-sdk/src/rp2_common/pico_double/double_aeabi.S.obj
                0x10003ea4                __wrap___aeabi_dcmpgt
 .text.__wrap___aeabi_dcmpun
                0x10003eae       0x1c CMakeFiles/main.dir/C_/Pico/pico-sdk/src/rp2_common/pico_double/double_aeabi.S.obj
                0x10003eae                __wrap___aeabi_dcmpun
 *fill*         0x10003eca        0x2 
 .text.__wrap___aeabi_i2d
                0x10003ecc       0x38 CMakeFiles/main.dir/C_/Pico/pico-sdk/src/rp2_common/pico_double/double_aeabi.S.obj
                0x10003ecc                __wrap___aeabi_ui2d
                0x10003ed4                __wrap___aeabi_i2d
 .text.__wrap___aeabi_d2iz
                0x10003f04       0x48 CMakeFiles/main.dir/C_/Pico/pico-sdk/src/rp2_common/pico_double/double_aeabi.S.obj
                0x10003f04                double2int_z
                0x10003f04                __wrap___aeabi_d2iz
 .text.__wrap___aeabi_d2uiz
                0x10003f4c       0x18 CMakeFiles/main.dir/C_/Pico/pico-sdk/src/rp2_common/pico_double/double_aeabi.S.obj
                0x10003f4c                __wrap___aeabi_d2uiz
                0x10003f4c                double2uint
 .text.__aeabi_double_init
                0x10003f64       0x94 CMakeFiles/main.dir/C_/Pico/pico-sdk/src/rp2_common/pico_double/double_init_rom.c.obj
                0x10003f64                __aeabi_double_init
 .text.double_table_shim_on_use_helper
                0x10003ff8       0x2c CMakeFiles/main.dir/C_/Pico/pico-sdk/src/rp2_common/pico_double/double_v1_rom_shim.S.obj
                0x10003ff8                double_table_shim_on_use_helper
 .text.__wrap___aeabi_dsub
                0x10004024       0x10 CMakeFiles/main.dir/C_/Pico/pico-sdk/src/rp2_common/pico_double/double_v1_rom_shim.S.obj
                0x10004024                drsub_shim
                0x1000402a                dsub_shim
 .text.dadd_shim
                0x10004034      0x15c CMakeFiles/main.dir/C_/Pico/pico-sdk/src/rp2_common/pico_double/double_v1_rom_shim.S.obj
                0x10004034                dadd_shim
 .text.dmul_shim
                0x10004190      0x15c CMakeFiles/main.dir/C_/Pico/pico-sdk/src/rp2_common/pico_double/double_v1_rom_shim.S.obj
                0x10004190                dmul_shim
 .text.ddiv_shim
                0x100042ec      0x1b0 CMakeFiles/main.dir/C_/Pico/pico-sdk/src/rp2_common/pico_double/double_v1_rom_shim.S.obj
                0x100042ec                ddiv_shim
 .text.double2uint_shim
                0x1000449c        0xe CMakeFiles/main.dir/C_/Pico/pico-sdk/src/rp2_common/pico_double/double_v1_rom_shim.S.obj
                0x1000449c                double2uint_shim
                0x1000449e                double2ufix_shim
 *fill*         0x100044aa        0x2 
 .text.double2uint64_shim
                0x100044ac       0x70 CMakeFiles/main.dir/C_/Pico/pico-sdk/src/rp2_common/pico_double/double_v1_rom_shim.S.obj
                0x100044ac                double2uint64_shim
                0x100044ae                double2ufix64_shim
                0x100044ce                d2fix_a
 .text.dunpacks
                0x1000451c       0x3c CMakeFiles/main.dir/C_/Pico/pico-sdk/src/rp2_common/pico_double/double_v1_rom_shim.S.obj
                0x1000451c                dunpacks
 .text.__aeabi_lmul
                0x10004558       0x32 CMakeFiles/main.dir/C_/Pico/pico-sdk/src/rp2_common/pico_int64_ops/pico_int64_ops_aeabi.S.obj
                0x10004558                __wrap___aeabi_lmul
 *fill*         0x1000458a        0x2 
 .text.__wrap___aeabi_i2f
                0x1000458c       0x44 CMakeFiles/main.dir/C_/Pico/pico-sdk/src/rp2_common/pico_float/float_aeabi.S.obj
                0x1000458c                __wrap___aeabi_i2f
 .text.__aeabi_float_init
                0x100045d0       0x64 CMakeFiles/main.dir/C_/Pico/pico-sdk/src/rp2_common/pico_float/float_init_rom.c.obj
                0x100045d0                __aeabi_float_init
 .text.float_table_shim_on_use_helper
                0x10004634       0x2c CMakeFiles/main.dir/C_/Pico/pico-sdk/src/rp2_common/pico_float/float_v1_rom_shim.S.obj
                0x10004634                float_table_shim_on_use_helper
 .text          0x10004660       0x10 CMakeFiles/main.dir/C_/Pico/pico-sdk/src/rp2_common/pico_mem_ops/mem_ops_aeabi.S.obj
                0x10004660                __aeabi_mem_init
 .text.memset   0x10004670        0xc CMakeFiles/main.dir/C_/Pico/pico-sdk/src/rp2_common/pico_mem_ops/mem_ops_aeabi.S.obj
                0x10004670                __wrap_memset
 .text.memcpy   0x1000467c        0xc CMakeFiles/main.dir/C_/Pico/pico-sdk/src/rp2_common/pico_mem_ops/mem_ops_aeabi.S.obj
                0x1000467c                __wrap_memcpy
                0x1000467c                __wrap___aeabi_memcpy
 .text.set_sys_clock_pll
                0x10004688       0x78 CMakeFiles/main.dir/C_/Pico/pico-sdk/src/rp2_common/pico_stdlib/stdlib.c.obj
                0x10004688                set_sys_clock_pll
 .text.check_sys_clock_khz
                0x10004700      0x178 CMakeFiles/main.dir/C_/Pico/pico-sdk/src/rp2_common/pico_stdlib/stdlib.c.obj
                0x10004700                check_sys_clock_khz
 .text.stdio_out_chars_no_crlf
                0x10004878       0x10 CMakeFiles/main.dir/C_/Pico/pico-sdk/src/rp2_common/pico_stdio/stdio.c.obj
 .text.stdio_out_chars_crlf
                0x10004888       0xb4 CMakeFiles/main.dir/C_/Pico/pico-sdk/src/rp2_common/pico_stdio/stdio.c.obj
 .text.stdio_buffered_printer
                0x1000493c       0x64 CMakeFiles/main.dir/C_/Pico/pico-sdk/src/rp2_common/pico_stdio/stdio.c.obj
 .text.stdio_put_string.isra.0
                0x100049a0       0xfc CMakeFiles/main.dir/C_/Pico/pico-sdk/src/rp2_common/pico_stdio/stdio.c.obj
 .text.__wrap_putchar
                0x10004a9c       0xa0 CMakeFiles/main.dir/C_/Pico/pico-sdk/src/rp2_common/pico_stdio/stdio.c.obj
                0x10004a9c                __wrap_putchar
 .text.__wrap_puts
                0x10004b3c       0x3c CMakeFiles/main.dir/C_/Pico/pico-sdk/src/rp2_common/pico_stdio/stdio.c.obj
                0x10004b3c                __wrap_puts
 .text.putchar_raw
                0x10004b78       0xa0 CMakeFiles/main.dir/C_/Pico/pico-sdk/src/rp2_common/pico_stdio/stdio.c.obj
                0x10004b78                putchar_raw
 .text.stdio_set_driver_enabled
                0x10004c18       0x3c CMakeFiles/main.dir/C_/Pico/pico-sdk/src/rp2_common/pico_stdio/stdio.c.obj
                0x10004c18                stdio_set_driver_enabled
 .text.__wrap_vprintf
                0x10004c54       0xd8 CMakeFiles/main.dir/C_/Pico/pico-sdk/src/rp2_common/pico_stdio/stdio.c.obj
                0x10004c54                __wrap_vprintf
 .text.__wrap_printf
                0x10004d2c       0x18 CMakeFiles/main.dir/C_/Pico/pico-sdk/src/rp2_common/pico_stdio/stdio.c.obj
                0x10004d2c                __wrap_printf
 .text.getchar_timeout_us
                0x10004d44       0xa0 CMakeFiles/main.dir/C_/Pico/pico-sdk/src/rp2_common/pico_stdio/stdio.c.obj
                0x10004d44                getchar_timeout_us
 .text.resetd_init
                0x10004de4        0x4 CMakeFiles/main.dir/C_/Pico/pico-sdk/src/rp2_common/pico_stdio_usb/reset_interface.c.obj
 .text.resetd_reset
                0x10004de8        0xc CMakeFiles/main.dir/C_/Pico/pico-sdk/src/rp2_common/pico_stdio_usb/reset_interface.c.obj
 .text.resetd_open
                0x10004df4       0x28 CMakeFiles/main.dir/C_/Pico/pico-sdk/src/rp2_common/pico_stdio_usb/reset_interface.c.obj
 .text.resetd_xfer_cb
                0x10004e1c        0x4 CMakeFiles/main.dir/C_/Pico/pico-sdk/src/rp2_common/pico_stdio_usb/reset_interface.c.obj
 .text.resetd_control_xfer_cb
                0x10004e20       0x64 CMakeFiles/main.dir/C_/Pico/pico-sdk/src/rp2_common/pico_stdio_usb/reset_interface.c.obj
 .text.usbd_app_driver_get_cb
                0x10004e84        0xc CMakeFiles/main.dir/C_/Pico/pico-sdk/src/rp2_common/pico_stdio_usb/reset_interface.c.obj
                0x10004e84                usbd_app_driver_get_cb
 .text.tud_cdc_line_coding_cb
                0x10004e90       0x34 CMakeFiles/main.dir/C_/Pico/pico-sdk/src/rp2_common/pico_stdio_usb/reset_interface.c.obj
                0x10004e90                tud_cdc_line_coding_cb
 .text.stdio_usb_in_chars
                0x10004ec4       0x68 CMakeFiles/main.dir/C_/Pico/pico-sdk/src/rp2_common/pico_stdio_usb/stdio_usb.c.obj
                0x10004ec4                stdio_usb_in_chars
 .text.stdio_usb_out_chars
                0x10004f2c       0xe4 CMakeFiles/main.dir/C_/Pico/pico-sdk/src/rp2_common/pico_stdio_usb/stdio_usb.c.obj
 .text.timer_task
                0x10005010       0x10 CMakeFiles/main.dir/C_/Pico/pico-sdk/src/rp2_common/pico_stdio_usb/stdio_usb.c.obj
 .text.low_priority_worker_irq
                0x10005020       0x24 CMakeFiles/main.dir/C_/Pico/pico-sdk/src/rp2_common/pico_stdio_usb/stdio_usb.c.obj
 .text.stdio_usb_init
                0x10005044       0x90 CMakeFiles/main.dir/C_/Pico/pico-sdk/src/rp2_common/pico_stdio_usb/stdio_usb.c.obj
                0x10005044                stdio_usb_init
 .text.tud_descriptor_device_cb
                0x100050d4        0x8 CMakeFiles/main.dir/C_/Pico/pico-sdk/src/rp2_common/pico_stdio_usb/stdio_usb_descriptors.c.obj
                0x100050d4                tud_descriptor_device_cb
 .text.tud_descriptor_configuration_cb
                0x100050dc        0x8 CMakeFiles/main.dir/C_/Pico/pico-sdk/src/rp2_common/pico_stdio_usb/stdio_usb_descriptors.c.obj
                0x100050dc                tud_descriptor_configuration_cb
 .text.tud_descriptor_string_cb
                0x100050e4       0x74 CMakeFiles/main.dir/C_/Pico/pico-sdk/src/rp2_common/pico_stdio_usb/stdio_usb_descriptors.c.obj
                0x100050e4                tud_descriptor_string_cb
 .text.dcd_rp2040_irq
                0x10005158      0x21c CMakeFiles/main.dir/C_/Pico/pico-sdk/lib/tinyusb/src/portable/raspberrypi/rp2040/dcd_rp2040.c.obj
 .text.dcd_int_enable
                0x10005374        0xc CMakeFiles/main.dir/C_/Pico/pico-sdk/lib/tinyusb/src/portable/raspberrypi/rp2040/dcd_rp2040.c.obj
                0x10005374                dcd_int_enable
 .text.dcd_set_address
                0x10005380       0x14 CMakeFiles/main.dir/C_/Pico/pico-sdk/lib/tinyusb/src/portable/raspberrypi/rp2040/dcd_rp2040.c.obj
                0x10005380                dcd_set_address
 .text.dcd_connect
                0x10005394       0x10 CMakeFiles/main.dir/C_/Pico/pico-sdk/lib/tinyusb/src/portable/raspberrypi/rp2040/dcd_rp2040.c.obj
                0x10005394                dcd_connect
 .text.dcd_init
                0x100053a4      0x144 CMakeFiles/main.dir/C_/Pico/pico-sdk/lib/tinyusb/src/portable/raspberrypi/rp2040/dcd_rp2040.c.obj
                0x100053a4                dcd_init
 .text.dcd_edpt0_status_complete
                0x100054e8       0x1c CMakeFiles/main.dir/C_/Pico/pico-sdk/lib/tinyusb/src/portable/raspberrypi/rp2040/dcd_rp2040.c.obj
                0x100054e8                dcd_edpt0_status_complete
 .text.dcd_edpt_open
                0x10005504       0xf0 CMakeFiles/main.dir/C_/Pico/pico-sdk/lib/tinyusb/src/portable/raspberrypi/rp2040/dcd_rp2040.c.obj
                0x10005504                dcd_edpt_open
 .text.dcd_edpt_close_all
                0x100055f4       0xbc CMakeFiles/main.dir/C_/Pico/pico-sdk/lib/tinyusb/src/portable/raspberrypi/rp2040/dcd_rp2040.c.obj
                0x100055f4                dcd_edpt_close_all
 .text.dcd_edpt_xfer
                0x100056b0       0x24 CMakeFiles/main.dir/C_/Pico/pico-sdk/lib/tinyusb/src/portable/raspberrypi/rp2040/dcd_rp2040.c.obj
                0x100056b0                dcd_edpt_xfer
 .text.dcd_edpt_stall
                0x100056d4       0x38 CMakeFiles/main.dir/C_/Pico/pico-sdk/lib/tinyusb/src/portable/raspberrypi/rp2040/dcd_rp2040.c.obj
                0x100056d4                dcd_edpt_stall
 .text.dcd_edpt_clear_stall
                0x1000570c       0x30 CMakeFiles/main.dir/C_/Pico/pico-sdk/lib/tinyusb/src/portable/raspberrypi/rp2040/dcd_rp2040.c.obj
                0x1000570c                dcd_edpt_clear_stall
 .text._hw_endpoint_buffer_control_update32.part.0.isra.0
                0x1000573c       0x1c CMakeFiles/main.dir/C_/Pico/pico-sdk/lib/tinyusb/src/portable/raspberrypi/rp2040/rp2040_usb.c.obj
 .text.rp2040_usb_init
                0x10005758       0x4c CMakeFiles/main.dir/C_/Pico/pico-sdk/lib/tinyusb/src/portable/raspberrypi/rp2040/rp2040_usb.c.obj
                0x10005758                rp2040_usb_init
 .text.hw_endpoint_reset_transfer
                0x100057a4        0xc CMakeFiles/main.dir/C_/Pico/pico-sdk/lib/tinyusb/src/portable/raspberrypi/rp2040/rp2040_usb.c.obj
                0x100057a4                hw_endpoint_reset_transfer
 .text._hw_endpoint_buffer_control_update32
                0x100057b0       0x44 CMakeFiles/main.dir/C_/Pico/pico-sdk/lib/tinyusb/src/portable/raspberrypi/rp2040/rp2040_usb.c.obj
                0x100057b0                _hw_endpoint_buffer_control_update32
 .text.hw_endpoint_xfer_start
                0x100057f4      0x138 CMakeFiles/main.dir/C_/Pico/pico-sdk/lib/tinyusb/src/portable/raspberrypi/rp2040/rp2040_usb.c.obj
                0x100057f4                hw_endpoint_xfer_start
 .text.hw_endpoint_xfer_continue
                0x1000592c      0x1e4 CMakeFiles/main.dir/C_/Pico/pico-sdk/lib/tinyusb/src/portable/raspberrypi/rp2040/rp2040_usb.c.obj
                0x1000592c                hw_endpoint_xfer_continue
 .text.tud_mounted
                0x10005b10       0x10 CMakeFiles/main.dir/C_/Pico/pico-sdk/lib/tinyusb/src/device/usbd.c.obj
                0x10005b10                tud_mounted
 .text.tud_suspended
                0x10005b20       0x10 CMakeFiles/main.dir/C_/Pico/pico-sdk/lib/tinyusb/src/device/usbd.c.obj
                0x10005b20                tud_suspended
 .text.tud_inited
                0x10005b30        0xc CMakeFiles/main.dir/C_/Pico/pico-sdk/lib/tinyusb/src/device/usbd.c.obj
                0x10005b30                tud_inited
 .text.tud_init
                0x10005b3c       0xd8 CMakeFiles/main.dir/C_/Pico/pico-sdk/lib/tinyusb/src/device/usbd.c.obj
                0x10005b3c                tud_init
 .text.tud_task
                0x10005c14      0x8ec CMakeFiles/main.dir/C_/Pico/pico-sdk/lib/tinyusb/src/device/usbd.c.obj
                0x10005c14                tud_task
 .text.dcd_event_bus_signal
                0x10006500      0x120 CMakeFiles/main.dir/C_/Pico/pico-sdk/lib/tinyusb/src/device/usbd.c.obj
                0x10006500                dcd_event_bus_signal
 .text.dcd_event_bus_reset
                0x10006620       0x54 CMakeFiles/main.dir/C_/Pico/pico-sdk/lib/tinyusb/src/device/usbd.c.obj
                0x10006620                dcd_event_bus_reset
 .text.dcd_event_setup_received
                0x10006674       0x50 CMakeFiles/main.dir/C_/Pico/pico-sdk/lib/tinyusb/src/device/usbd.c.obj
                0x10006674                dcd_event_setup_received
 .text.dcd_event_xfer_complete
                0x100066c4       0x68 CMakeFiles/main.dir/C_/Pico/pico-sdk/lib/tinyusb/src/device/usbd.c.obj
                0x100066c4                dcd_event_xfer_complete
 .text.usbd_open_edpt_pair
                0x1000672c       0x80 CMakeFiles/main.dir/C_/Pico/pico-sdk/lib/tinyusb/src/device/usbd.c.obj
                0x1000672c                usbd_open_edpt_pair
 .text.usbd_edpt_open
                0x100067ac       0x30 CMakeFiles/main.dir/C_/Pico/pico-sdk/lib/tinyusb/src/device/usbd.c.obj
                0x100067ac                usbd_edpt_open
 .text.usbd_edpt_claim
                0x100067dc       0x64 CMakeFiles/main.dir/C_/Pico/pico-sdk/lib/tinyusb/src/device/usbd.c.obj
                0x100067dc                usbd_edpt_claim
 .text.usbd_edpt_release
                0x10006840       0x4c CMakeFiles/main.dir/C_/Pico/pico-sdk/lib/tinyusb/src/device/usbd.c.obj
                0x10006840                usbd_edpt_release
 .text.usbd_edpt_xfer
                0x1000688c       0x48 CMakeFiles/main.dir/C_/Pico/pico-sdk/lib/tinyusb/src/device/usbd.c.obj
                0x1000688c                usbd_edpt_xfer
 .text.tud_control_status
                0x100068d4       0x30 CMakeFiles/main.dir/C_/Pico/pico-sdk/lib/tinyusb/src/device/usbd_control.c.obj
                0x100068d4                tud_control_status
 .text.tud_control_xfer
                0x10006904       0xbc CMakeFiles/main.dir/C_/Pico/pico-sdk/lib/tinyusb/src/device/usbd_control.c.obj
                0x10006904                tud_control_xfer
 .text.usbd_control_reset
                0x100069c0       0x14 CMakeFiles/main.dir/C_/Pico/pico-sdk/lib/tinyusb/src/device/usbd_control.c.obj
                0x100069c0                usbd_control_reset
 .text.usbd_control_set_complete_callback
                0x100069d4        0xc CMakeFiles/main.dir/C_/Pico/pico-sdk/lib/tinyusb/src/device/usbd_control.c.obj
                0x100069d4                usbd_control_set_complete_callback
 .text.usbd_control_set_request
                0x100069e0       0x1c CMakeFiles/main.dir/C_/Pico/pico-sdk/lib/tinyusb/src/device/usbd_control.c.obj
                0x100069e0                usbd_control_set_request
 .text.usbd_control_xfer_cb
                0x100069fc       0xfc CMakeFiles/main.dir/C_/Pico/pico-sdk/lib/tinyusb/src/device/usbd_control.c.obj
                0x100069fc                usbd_control_xfer_cb
 .text.tud_cdc_n_connected
                0x10006af8       0x30 CMakeFiles/main.dir/C_/Pico/pico-sdk/lib/tinyusb/src/class/cdc/cdc_device.c.obj
                0x10006af8                tud_cdc_n_connected
 .text.tud_cdc_n_available
                0x10006b28       0x18 CMakeFiles/main.dir/C_/Pico/pico-sdk/lib/tinyusb/src/class/cdc/cdc_device.c.obj
                0x10006b28                tud_cdc_n_available
 .text.tud_cdc_n_read
                0x10006b40       0x70 CMakeFiles/main.dir/C_/Pico/pico-sdk/lib/tinyusb/src/class/cdc/cdc_device.c.obj
                0x10006b40                tud_cdc_n_read
 .text.tud_cdc_n_write_flush
                0x10006bb0       0x78 CMakeFiles/main.dir/C_/Pico/pico-sdk/lib/tinyusb/src/class/cdc/cdc_device.c.obj
                0x10006bb0                tud_cdc_n_write_flush
 .text.tud_cdc_n_write
                0x10006c28       0x34 CMakeFiles/main.dir/C_/Pico/pico-sdk/lib/tinyusb/src/class/cdc/cdc_device.c.obj
                0x10006c28                tud_cdc_n_write
 .text.tud_cdc_n_write_available
                0x10006c5c       0x18 CMakeFiles/main.dir/C_/Pico/pico-sdk/lib/tinyusb/src/class/cdc/cdc_device.c.obj
                0x10006c5c                tud_cdc_n_write_available
 .text.cdcd_init
                0x10006c74       0x7c CMakeFiles/main.dir/C_/Pico/pico-sdk/lib/tinyusb/src/class/cdc/cdc_device.c.obj
                0x10006c74                cdcd_init
 .text.cdcd_reset
                0x10006cf0       0x2c CMakeFiles/main.dir/C_/Pico/pico-sdk/lib/tinyusb/src/class/cdc/cdc_device.c.obj
                0x10006cf0                cdcd_reset
 .text.cdcd_open
                0x10006d1c       0xe4 CMakeFiles/main.dir/C_/Pico/pico-sdk/lib/tinyusb/src/class/cdc/cdc_device.c.obj
                0x10006d1c                cdcd_open
 .text.cdcd_control_xfer_cb
                0x10006e00       0xe4 CMakeFiles/main.dir/C_/Pico/pico-sdk/lib/tinyusb/src/class/cdc/cdc_device.c.obj
                0x10006e00                cdcd_control_xfer_cb
 .text.cdcd_xfer_cb
                0x10006ee4      0x148 CMakeFiles/main.dir/C_/Pico/pico-sdk/lib/tinyusb/src/class/cdc/cdc_device.c.obj
                0x10006ee4                cdcd_xfer_cb
 .text.tusb_init
                0x1000702c        0xc CMakeFiles/main.dir/C_/Pico/pico-sdk/lib/tinyusb/src/tusb.c.obj
                0x1000702c                tusb_init
 .text.tusb_inited
                0x10007038        0x8 CMakeFiles/main.dir/C_/Pico/pico-sdk/lib/tinyusb/src/tusb.c.obj
                0x10007038                tusb_inited
 .text.tu_edpt_validate
                0x10007040       0x78 CMakeFiles/main.dir/C_/Pico/pico-sdk/lib/tinyusb/src/tusb.c.obj
                0x10007040                tu_edpt_validate
 .text.tu_edpt_bind_driver
                0x100070b8       0x2c CMakeFiles/main.dir/C_/Pico/pico-sdk/lib/tinyusb/src/tusb.c.obj
                0x100070b8                tu_edpt_bind_driver
 .text.tu_fifo_config
                0x100070e4       0x78 CMakeFiles/main.dir/C_/Pico/pico-sdk/lib/tinyusb/src/common/tusb_fifo.c.obj
                0x100070e4                tu_fifo_config
 .text.tu_fifo_count
                0x1000715c       0x20 CMakeFiles/main.dir/C_/Pico/pico-sdk/lib/tinyusb/src/common/tusb_fifo.c.obj
                0x1000715c                tu_fifo_count
 .text.tu_fifo_empty
                0x1000717c       0x10 CMakeFiles/main.dir/C_/Pico/pico-sdk/lib/tinyusb/src/common/tusb_fifo.c.obj
                0x1000717c                tu_fifo_empty
 .text.tu_fifo_remaining
                0x1000718c       0x1c CMakeFiles/main.dir/C_/Pico/pico-sdk/lib/tinyusb/src/common/tusb_fifo.c.obj
                0x1000718c                tu_fifo_remaining
 .text.tu_fifo_read
                0x100071a8       0x9c CMakeFiles/main.dir/C_/Pico/pico-sdk/lib/tinyusb/src/common/tusb_fifo.c.obj
                0x100071a8                tu_fifo_read
 .text.tu_fifo_read_n
                0x10007244      0x100 CMakeFiles/main.dir/C_/Pico/pico-sdk/lib/tinyusb/src/common/tusb_fifo.c.obj
                0x10007244                tu_fifo_read_n
 .text.tu_fifo_write
                0x10007344       0x7c CMakeFiles/main.dir/C_/Pico/pico-sdk/lib/tinyusb/src/common/tusb_fifo.c.obj
                0x10007344                tu_fifo_write
 .text.tu_fifo_write_n
                0x100073c0      0x100 CMakeFiles/main.dir/C_/Pico/pico-sdk/lib/tinyusb/src/common/tusb_fifo.c.obj
                0x100073c0                tu_fifo_write_n
 .text.tu_fifo_clear
                0x100074c0       0x4c CMakeFiles/main.dir/C_/Pico/pico-sdk/lib/tinyusb/src/common/tusb_fifo.c.obj
                0x100074c0                tu_fifo_clear
 .text.tu_fifo_set_overwritable
                0x1000750c       0x3c CMakeFiles/main.dir/C_/Pico/pico-sdk/lib/tinyusb/src/common/tusb_fifo.c.obj
                0x1000750c                tu_fifo_set_overwritable
 .text.startup._retrieve_unique_id_on_boot
                0x10007548       0x10 CMakeFiles/main.dir/C_/Pico/pico-sdk/src/rp2_common/pico_unique_id/unique_id.c.obj
 .text.pico_get_unique_board_id_string
                0x10007558      0x1a8 CMakeFiles/main.dir/C_/Pico/pico-sdk/src/rp2_common/pico_unique_id/unique_id.c.obj
                0x10007558                pico_get_unique_board_id_string
 .text.flash_get_unique_id
                0x10007700       0x40 CMakeFiles/main.dir/C_/Pico/pico-sdk/src/rp2_common/hardware_flash/flash.c.obj
                0x10007700                flash_get_unique_id
 .text.strlen   0x10007740       0x5c c:/progra~2/gnuarm~1/102020~1/bin/../lib/gcc/arm-none-eabi/10.2.1/../../../../arm-none-eabi/lib/thumb/v6-m/nofp\libc.a(lib_a-strlen-stub.o)
                0x10007740                strlen
 *(.fini)
 .fini          0x1000779c        0x4 c:/progra~2/gnuarm~1/102020~1/bin/../lib/gcc/arm-none-eabi/10.2.1/thumb/v6-m/nofp/crti.o
                0x1000779c                _fini
 .fini.__stub   0x100077a0       0x70 linker stubs
 *crtbegin.o(.ctors)
 *crtbegin?.o(.ctors)
 *(EXCLUDE_FILE(*crtend.o *crtend?.o) .ctors)
 *(SORT_BY_NAME(.ctors.*))
 *(.ctors)
 *crtbegin.o(.dtors)
 *crtbegin?.o(.dtors)
 *(EXCLUDE_FILE(*crtend.o *crtend?.o) .dtors)
 *(SORT_BY_NAME(.dtors.*))
 *(.dtors)
 *(.eh_frame*)
 .eh_frame      0x10007810        0x0 c:/progra~2/gnuarm~1/102020~1/bin/../lib/gcc/arm-none-eabi/10.2.1/thumb/v6-m/nofp/crtbegin.o
                0x10007810                . = ALIGN (0x4)

.glue_7         0x10007810        0x0
 .glue_7        0x10007810        0x0 linker stubs

.glue_7t        0x10007810        0x0
 .glue_7t       0x10007810        0x0 linker stubs

.vfp11_veneer   0x10007810        0x0
 .vfp11_veneer  0x10007810        0x0 linker stubs

.v4_bx          0x10007810        0x0
 .v4_bx         0x10007810        0x0 linker stubs

.iplt           0x10007810        0x0
 .iplt          0x10007810        0x0 c:/progra~2/gnuarm~1/102020~1/bin/../lib/gcc/arm-none-eabi/10.2.1/thumb/v6-m/nofp/crtbegin.o

.rodata         0x10007810      0x91c
 *(EXCLUDE_FILE(*libm.a: *libc.a:*lib_a-mem*.o *libgcc.a:) .rodata*)
 .rodata.Serial_in_Handler_Async.str1.4
                0x10007810        0xd CMakeFiles/main.dir/src/Communication.c.obj
 *fill*         0x1000781d        0x3 
 .rodata.Packet_Decode
                0x10007820       0x1c CMakeFiles/main.dir/src/Communication.c.obj
 .rodata.SA_Stop.str1.4
                0x1000783c        0xb CMakeFiles/main.dir/src/Analyzer.c.obj
 *fill*         0x10007847        0x1 
 .rodata.SA_Reset.str1.4
                0x10007848       0x13 CMakeFiles/main.dir/src/Analyzer.c.obj
 *fill*         0x1000785b        0x1 
 .rodata.SA_Configure.str1.4
                0x1000785c       0x12 CMakeFiles/main.dir/src/Analyzer.c.obj
 *fill*         0x1000786e        0x2 
 .rodata.OSC_Start.str1.4
                0x10007870        0xd CMakeFiles/main.dir/src/Scope.c.obj
 *fill*         0x1000787d        0x3 
 .rodata.OSC_Stop.str1.4
                0x10007880        0xc CMakeFiles/main.dir/src/Scope.c.obj
 .rodata.OSC_Reset.str1.4
                0x1000788c       0x14 CMakeFiles/main.dir/src/Scope.c.obj
 .rodata.OSC_Configure.str1.4
                0x100078a0       0x13 CMakeFiles/main.dir/src/Scope.c.obj
 *fill*         0x100078b3        0x1 
 .rodata.AWG_Start.str1.4
                0x100078b4        0xd CMakeFiles/main.dir/src/AWG.c.obj
 *fill*         0x100078c1        0x3 
 .rodata.AWG_Stop.str1.4
                0x100078c4        0xc CMakeFiles/main.dir/src/AWG.c.obj
 .rodata.AWG_Reset.str1.4
                0x100078d0       0x14 CMakeFiles/main.dir/src/AWG.c.obj
 .rodata.AWG_Configure.str1.4
                0x100078e4       0x13 CMakeFiles/main.dir/src/AWG.c.obj
 *fill*         0x100078f7        0x1 
 .rodata.LIA_Start.str1.4
                0x100078f8        0xd CMakeFiles/main.dir/src/LIA.c.obj
 *fill*         0x10007905        0x3 
 .rodata.LIA_Stop.str1.4
                0x10007908        0xc CMakeFiles/main.dir/src/LIA.c.obj
 .rodata.LIA_Reset.str1.4
                0x10007914       0x14 CMakeFiles/main.dir/src/LIA.c.obj
 .rodata.LIA_Configure.str1.4
                0x10007928       0x13 CMakeFiles/main.dir/src/LIA.c.obj
 *fill*         0x1000793b        0x1 
 .rodata.OC.str1.4
                0x1000793c       0x32 CMakeFiles/main.dir/src/Main.c.obj
 *fill*         0x1000796e        0x2 
 .rodata.Print_Logo.str1.4
                0x10007970       0x19 CMakeFiles/main.dir/src/Main.c.obj
 *fill*         0x10007989        0x3 
 .rodata.Logo   0x1000798c      0x29e CMakeFiles/main.dir/src/Main.c.obj
                0x1000798c                Logo
 *fill*         0x10007c2a        0x2 
 .rodata.panic.str1.4
                0x10007c2c       0x12 CMakeFiles/main.dir/C_/Pico/pico-sdk/src/rp2_common/pico_runtime/runtime.c.obj
 *fill*         0x10007c3e        0x2 
 .rodata.hard_assertion_failure.str1.4
                0x10007c40        0xc CMakeFiles/main.dir/C_/Pico/pico-sdk/src/rp2_common/pico_runtime/runtime.c.obj
 .rodata.spin_lock_claim_unused.str1.4
                0x10007c4c       0x1b CMakeFiles/main.dir/C_/Pico/pico-sdk/src/rp2_common/hardware_sync/sync.c.obj
 *fill*         0x10007c67        0x1 
 .rodata.hardware_alarm_claim.str1.4
                0x10007c68       0x22 CMakeFiles/main.dir/C_/Pico/pico-sdk/src/rp2_common/hardware_timer/timer.c.obj
 *fill*         0x10007c8a        0x2 
 .rodata._ftoa.str1.4
                0x10007c8c       0x15 CMakeFiles/main.dir/C_/Pico/pico-sdk/src/rp2_common/pico_printf/printf.c.obj
 *fill*         0x10007ca1        0x3 
 .rodata._vsnprintf
                0x10007ca4      0x1e0 CMakeFiles/main.dir/C_/Pico/pico-sdk/src/rp2_common/pico_printf/printf.c.obj
 *fill*         0x10007e84        0x4 
 .rodata.pow10.0
                0x10007e88       0x50 CMakeFiles/main.dir/C_/Pico/pico-sdk/src/rp2_common/pico_printf/printf.c.obj
 .rodata.str1.4
                0x10007ed8       0x3c CMakeFiles/main.dir/C_/Pico/pico-sdk/src/rp2_common/pico_standard_link/binary_info.c.obj
 .rodata.__bi_44
                0x10007f14        0xc CMakeFiles/main.dir/C_/Pico/pico-sdk/src/rp2_common/pico_standard_link/binary_info.c.obj
 .rodata.__bi_75
                0x10007f20        0xc CMakeFiles/main.dir/C_/Pico/pico-sdk/src/rp2_common/pico_standard_link/binary_info.c.obj
 .rodata.__bi_81
                0x10007f2c        0xc CMakeFiles/main.dir/C_/Pico/pico-sdk/src/rp2_common/pico_standard_link/binary_info.c.obj
 .rodata.crlf_str.0
                0x10007f38        0x2 CMakeFiles/main.dir/C_/Pico/pico-sdk/src/rp2_common/pico_stdio/stdio.c.obj
 *fill*         0x10007f3a        0x2 
 .rodata._resetd_driver
                0x10007f3c       0x18 CMakeFiles/main.dir/C_/Pico/pico-sdk/src/rp2_common/pico_stdio_usb/reset_interface.c.obj
 .rodata.str1.4
                0x10007f54       0x13 CMakeFiles/main.dir/C_/Pico/pico-sdk/src/rp2_common/pico_stdio_usb/stdio_usb.c.obj
 *fill*         0x10007f67        0x1 
 .rodata.__bi_93.0
                0x10007f68        0xc CMakeFiles/main.dir/C_/Pico/pico-sdk/src/rp2_common/pico_stdio_usb/stdio_usb.c.obj
 .rodata.str1.4
                0x10007f74       0x2a CMakeFiles/main.dir/C_/Pico/pico-sdk/src/rp2_common/pico_stdio_usb/stdio_usb_descriptors.c.obj
 *fill*         0x10007f9e        0x2 
 .rodata.usbd_desc_cfg
                0x10007fa0       0x54 CMakeFiles/main.dir/C_/Pico/pico-sdk/src/rp2_common/pico_stdio_usb/stdio_usb_descriptors.c.obj
 .rodata.usbd_desc_device
                0x10007ff4       0x12 CMakeFiles/main.dir/C_/Pico/pico-sdk/src/rp2_common/pico_stdio_usb/stdio_usb_descriptors.c.obj
 *fill*         0x10008006        0x2 
 .rodata.usbd_desc_str
                0x10008008       0x18 CMakeFiles/main.dir/C_/Pico/pico-sdk/src/rp2_common/pico_stdio_usb/stdio_usb_descriptors.c.obj
 .rodata.dcd_rp2040_irq.str1.4
                0x10008020       0x14 CMakeFiles/main.dir/C_/Pico/pico-sdk/lib/tinyusb/src/portable/raspberrypi/rp2040/dcd_rp2040.c.obj
 .rodata._hw_endpoint_buffer_control_update32.part.0.isra.0.str1.4
                0x10008034       0x1f CMakeFiles/main.dir/C_/Pico/pico-sdk/lib/tinyusb/src/portable/raspberrypi/rp2040/rp2040_usb.c.obj
 *fill*         0x10008053        0x1 
 .rodata.hw_endpoint_xfer_continue.str1.4
                0x10008054       0x29 CMakeFiles/main.dir/C_/Pico/pico-sdk/lib/tinyusb/src/portable/raspberrypi/rp2040/rp2040_usb.c.obj
 *fill*         0x1000807d        0x3 
 .rodata.str1.4
                0x10008080        0x7 CMakeFiles/main.dir/C_/Pico/pico-sdk/lib/tinyusb/src/portable/raspberrypi/rp2040/rp2040_usb.c.obj
 *fill*         0x10008087        0x1 
 .rodata.tud_task
                0x10008088       0x8c CMakeFiles/main.dir/C_/Pico/pico-sdk/lib/tinyusb/src/device/usbd.c.obj
 .rodata._usbd_driver
                0x10008114       0x18 CMakeFiles/main.dir/C_/Pico/pico-sdk/lib/tinyusb/src/device/usbd.c.obj
                0x1000812c                . = ALIGN (0x4)
 *(SORT_BY_ALIGNMENT(SORT_BY_NAME(.flashdata*)))
                0x1000812c                . = ALIGN (0x4)

.rel.dyn        0x1000812c        0x0
 .rel.iplt      0x1000812c        0x0 c:/progra~2/gnuarm~1/102020~1/bin/../lib/gcc/arm-none-eabi/10.2.1/thumb/v6-m/nofp/crtbegin.o

.ARM.extab
 *(.ARM.extab* .gnu.linkonce.armextab.*)
                0x1000812c                __exidx_start = .

.ARM.exidx
 *(.ARM.exidx* .gnu.linkonce.armexidx.*)
                0x1000812c                __exidx_end = .
                0x1000812c                . = ALIGN (0x4)
                0x1000812c                __binary_info_start = .

.binary_info    0x1000812c       0x20
 *(.binary_info.keep.*)
 .binary_info.keep.__bi_ptr22
                0x1000812c        0x4 CMakeFiles/main.dir/C_/Pico/pico-sdk/src/rp2_common/pico_standard_link/binary_info.c.obj
 .binary_info.keep.__bi_ptr30
                0x10008130        0x4 CMakeFiles/main.dir/C_/Pico/pico-sdk/src/rp2_common/pico_standard_link/binary_info.c.obj
 .binary_info.keep.__bi_ptr38
                0x10008134        0x4 CMakeFiles/main.dir/C_/Pico/pico-sdk/src/rp2_common/pico_standard_link/binary_info.c.obj
 .binary_info.keep.__bi_ptr44
                0x10008138        0x4 CMakeFiles/main.dir/C_/Pico/pico-sdk/src/rp2_common/pico_standard_link/binary_info.c.obj
 .binary_info.keep.__bi_ptr50
                0x1000813c        0x4 CMakeFiles/main.dir/C_/Pico/pico-sdk/src/rp2_common/pico_standard_link/binary_info.c.obj
 .binary_info.keep.__bi_ptr75
                0x10008140        0x4 CMakeFiles/main.dir/C_/Pico/pico-sdk/src/rp2_common/pico_standard_link/binary_info.c.obj
 .binary_info.keep.__bi_ptr81
                0x10008144        0x4 CMakeFiles/main.dir/C_/Pico/pico-sdk/src/rp2_common/pico_standard_link/binary_info.c.obj
 *(.binary_info.*)
 .binary_info.__bi_ptr93
                0x10008148        0x4 CMakeFiles/main.dir/C_/Pico/pico-sdk/src/rp2_common/pico_stdio_usb/stdio_usb.c.obj
                0x1000814c                __binary_info_end = .
                0x1000814c                . = ALIGN (0x4)
                0x1000814c                __etext = .

.ram_vector_table
                0x20000000       0xc0
 *(.ram_vector_table)
 .ram_vector_table
                0x20000000       0xc0 CMakeFiles/main.dir/C_/Pico/pico-sdk/src/rp2_common/pico_runtime/runtime.c.obj
                0x20000000                ram_vector_table

.data           0x200000c0      0x3c0 load address 0x1000814c
                0x200000c0                __data_start__ = .
 *(vtable)
 *(.time_critical*)
 .time_critical.mutex_enter_blocking
                0x200000c0       0x48 CMakeFiles/main.dir/C_/Pico/pico-sdk/src/common/pico_sync/mutex.c.obj
                0x200000c0                mutex_enter_blocking
 .time_critical.mutex_try_enter
                0x20000108       0x44 CMakeFiles/main.dir/C_/Pico/pico-sdk/src/common/pico_sync/mutex.c.obj
                0x20000108                mutex_try_enter
 .time_critical.mutex_enter_timeout_ms
                0x2000014c       0xa0 CMakeFiles/main.dir/C_/Pico/pico-sdk/src/common/pico_sync/mutex.c.obj
                0x2000014c                mutex_enter_timeout_ms
 .time_critical.mutex_exit
                0x200001ec       0x28 CMakeFiles/main.dir/C_/Pico/pico-sdk/src/common/pico_sync/mutex.c.obj
                0x200001ec                mutex_exit
 .time_critical.flash_init_boot2_copyout
                0x20000214       0x30 CMakeFiles/main.dir/C_/Pico/pico-sdk/src/rp2_common/hardware_flash/flash.c.obj
 .time_critical.flash_enable_xip_via_boot2
                0x20000244       0x10 CMakeFiles/main.dir/C_/Pico/pico-sdk/src/rp2_common/hardware_flash/flash.c.obj
 .time_critical.flash_cs_force
                0x20000254       0x38 CMakeFiles/main.dir/C_/Pico/pico-sdk/src/rp2_common/hardware_flash/flash.c.obj
 .time_critical.flash_do_cmd
                0x2000028c       0xc4 CMakeFiles/main.dir/C_/Pico/pico-sdk/src/rp2_common/hardware_flash/flash.c.obj
                0x2000028c                flash_do_cmd
 *(.text*)
 .text          0x20000350        0x4 c:/progra~2/gnuarm~1/102020~1/bin/../lib/gcc/arm-none-eabi/10.2.1/thumb/v6-m/nofp\libgcc.a(_dvmd_tls.o)
                0x20000350                __aeabi_idiv0
                0x20000350                __aeabi_ldiv0
 *fill*         0x20000354        0x4 
 .text.__stub   0x20000358       0x30 linker stubs
                0x20000388                . = ALIGN (0x4)
 *(.rodata*)
                0x20000388                . = ALIGN (0x4)
 *(.data*)
 .data.striped_spin_lock_num
                0x20000388        0x1 CMakeFiles/main.dir/C_/Pico/pico-sdk/src/rp2_common/hardware_sync/sync.c.obj
 *fill*         0x20000389        0x3 
 .data          0x2000038c       0x48 CMakeFiles/main.dir/C_/Pico/pico-sdk/src/rp2_common/hardware_irq/irq_handler_chain.S.obj
                0x2000038c                irq_handler_chain_slots
                0x200003bc                irq_handler_chain_first_slot
                0x200003c6                irq_handler_chain_remove_tail
 .data.default_alarm_pool
                0x200003d4       0x18 CMakeFiles/main.dir/C_/Pico/pico-sdk/src/common/pico_time/time.c.obj
 .data.default_alarm_pool_heap
                0x200003ec       0x10 CMakeFiles/main.dir/C_/Pico/pico-sdk/src/common/pico_time/time.c.obj
 *fill*         0x200003fc        0x4 
 .data.aeabi_bits_funcs
                0x20000400       0x10 CMakeFiles/main.dir/C_/Pico/pico-sdk/src/rp2_common/pico_bit_ops/bit_ops_aeabi.S.obj
                0x20000400                aeabi_bits_funcs
                0x20000410                aeabi_bits_funcs_end
 .data.aeabi_mem_funcs
                0x20000410       0x10 CMakeFiles/main.dir/C_/Pico/pico-sdk/src/rp2_common/pico_mem_ops/mem_ops_aeabi.S.obj
                0x20000410                aeabi_mem_funcs
                0x20000420                aeabi_mem_funcs_end
 .data.stdio_usb
                0x20000420       0x14 CMakeFiles/main.dir/C_/Pico/pico-sdk/src/rp2_common/pico_stdio_usb/stdio_usb.c.obj
                0x20000420                stdio_usb
 .data.ep_dir_string
                0x20000434        0x8 CMakeFiles/main.dir/C_/Pico/pico-sdk/lib/tinyusb/src/portable/raspberrypi/rp2040/rp2040_usb.c.obj
                0x20000434                ep_dir_string
 .data._usbd_qdef
                0x2000043c       0x24 CMakeFiles/main.dir/C_/Pico/pico-sdk/lib/tinyusb/src/device/usbd.c.obj
                0x2000043c                _usbd_qdef
                0x20000460                . = ALIGN (0x4)
 *(.after_data.*)
                0x20000460                . = ALIGN (0x4)
                0x20000460                PROVIDE (__mutex_array_start = .)
 *(SORT_BY_NAME(.mutex_array.*))
 *(.mutex_array)
 .mutex_array   0x20000460        0x8 CMakeFiles/main.dir/C_/Pico/pico-sdk/src/rp2_common/pico_stdio/stdio.c.obj
                0x20000468                PROVIDE (__mutex_array_end = .)
                0x20000468                . = ALIGN (0x4)
                0x20000468                PROVIDE (__preinit_array_start = .)
 *(SORT_BY_NAME(.preinit_array.*))
 .preinit_array.00001
                0x20000468        0x4 CMakeFiles/main.dir/C_/Pico/pico-sdk/src/rp2_common/pico_mem_ops/mem_ops_aeabi.S.obj
 .preinit_array.00010
                0x2000046c        0x4 CMakeFiles/main.dir/C_/Pico/pico-sdk/src/rp2_common/pico_bit_ops/bit_ops_aeabi.S.obj
 .preinit_array.00020
                0x20000470        0x4 CMakeFiles/main.dir/C_/Pico/pico-sdk/src/rp2_common/pico_double/double_aeabi.S.obj
 .preinit_array.00020
                0x20000474        0x4 CMakeFiles/main.dir/C_/Pico/pico-sdk/src/rp2_common/pico_float/float_aeabi.S.obj
 *(.preinit_array)
                0x20000478                PROVIDE (__preinit_array_end = .)
                0x20000478                . = ALIGN (0x4)
                0x20000478                PROVIDE (__init_array_start = .)
 *(SORT_BY_NAME(.init_array.*))
 *(.init_array)
 .init_array    0x20000478        0x4 c:/progra~2/gnuarm~1/102020~1/bin/../lib/gcc/arm-none-eabi/10.2.1/thumb/v6-m/nofp/crtbegin.o
 .init_array    0x2000047c        0x4 CMakeFiles/main.dir/C_/Pico/pico-sdk/src/rp2_common/pico_unique_id/unique_id.c.obj
                0x20000480                PROVIDE (__init_array_end = .)
                0x20000480                . = ALIGN (0x4)
                [!provide]                PROVIDE (__fini_array_start = .)
 *(SORT_BY_NAME(.fini_array.*))
 *(.fini_array)
                [!provide]                PROVIDE (__fini_array_end = .)
 *(.jcr)
                0x20000480                . = ALIGN (0x4)
                0x20000480                __data_end__ = .

.igot.plt       0x20000480        0x0 load address 0x1000850c
 .igot.plt      0x20000480        0x0 c:/progra~2/gnuarm~1/102020~1/bin/../lib/gcc/arm-none-eabi/10.2.1/thumb/v6-m/nofp/crtbegin.o

.uninitialized_data
                0x20000480        0x0 load address 0x1000850c
                0x20000480                . = ALIGN (0x4)
 *(.uninitialized_data*)

.scratch_x      0x20040000        0x0 load address 0x1000850c
                0x20040000                __scratch_x_start__ = .
 *(.scratch_x.*)
                0x20040000                . = ALIGN (0x4)
                0x20040000                __scratch_x_end__ = .
                0x1000850c                __scratch_x_source__ = LOADADDR (.scratch_x)

.scratch_y      0x20041000        0x0 load address 0x1000850c
                0x20041000                __scratch_y_start__ = .
 *(.scratch_y.*)
                0x20041000                . = ALIGN (0x4)
                0x20041000                __scratch_y_end__ = .
                0x1000850c                __scratch_y_source__ = LOADADDR (.scratch_y)

.bss            0x20000480      0xdec
                0x20000480                . = ALIGN (0x4)
                0x20000480                __bss_start__ = .
 *(SORT_BY_ALIGNMENT(SORT_BY_NAME(.bss*)))
 .bss.default_alarm_pool_entries
                0x20000480      0x100 CMakeFiles/main.dir/C_/Pico/pico-sdk/src/common/pico_time/time.c.obj
 .bss.last_avail_time.1
                0x20000580        0x8 CMakeFiles/main.dir/C_/Pico/pico-sdk/src/rp2_common/pico_stdio_usb/stdio_usb.c.obj
 .bss.sd_table  0x20000588      0x100 CMakeFiles/main.dir/C_/Pico/pico-sdk/src/rp2_common/pico_double/double_init_rom.c.obj
                0x20000588                sd_table
 .bss.sf_table  0x20000688      0x100 CMakeFiles/main.dir/C_/Pico/pico-sdk/src/rp2_common/pico_float/float_init_rom.c.obj
                0x20000688                sf_table
 .bss           0x20000788       0x1c c:/progra~2/gnuarm~1/102020~1/bin/../lib/gcc/arm-none-eabi/10.2.1/thumb/v6-m/nofp/crtbegin.o
 .bss.AWG_FrequencyCh1
                0x200007a4        0x4 CMakeFiles/main.dir/src/Main.c.obj
                0x200007a4                AWG_FrequencyCh1
 .bss.AWG_FrequencyCh2
                0x200007a8        0x4 CMakeFiles/main.dir/src/Main.c.obj
                0x200007a8                AWG_FrequencyCh2
 .bss.Data_In   0x200007ac       0x20 CMakeFiles/main.dir/src/Communication.c.obj
                0x200007ac                Data_In
 .bss.LOI_Stub1
                0x200007cc        0x4 CMakeFiles/main.dir/src/Main.c.obj
                0x200007cc                LOI_Stub1
 .bss.LOI_Stub2
                0x200007d0        0x4 CMakeFiles/main.dir/src/Main.c.obj
                0x200007d0                LOI_Stub2
 .bss.LOI_Stub3
                0x200007d4        0x4 CMakeFiles/main.dir/src/Main.c.obj
                0x200007d4                LOI_Stub3
 .bss.LOI_Stub4
                0x200007d8        0x4 CMakeFiles/main.dir/src/Main.c.obj
                0x200007d8                LOI_Stub4
 .bss.LOI_Stub5
                0x200007dc        0x4 CMakeFiles/main.dir/src/Main.c.obj
                0x200007dc                LOI_Stub5
 .bss.SA_SampleRateCh1
                0x200007e0        0x4 CMakeFiles/main.dir/src/Main.c.obj
                0x200007e0                SA_SampleRateCh1
 .bss.SA_SampleRateCh2
                0x200007e4        0x4 CMakeFiles/main.dir/src/Main.c.obj
                0x200007e4                SA_SampleRateCh2
 .bss.Test.0    0x200007e8        0x4 CMakeFiles/main.dir/src/Analyzer.c.obj
 .bss._app_driver
                0x200007ec        0x4 CMakeFiles/main.dir/C_/Pico/pico-sdk/lib/tinyusb/src/device/usbd.c.obj
 .bss._cdcd_itf
                0x200007f0      0x2d8 CMakeFiles/main.dir/C_/Pico/pico-sdk/lib/tinyusb/src/class/cdc/cdc_device.c.obj
 .bss._ctrl_xfer
                0x20000ac8       0x14 CMakeFiles/main.dir/C_/Pico/pico-sdk/lib/tinyusb/src/device/usbd_control.c.obj
 .bss._ubsd_mutexdef
                0x20000adc        0x8 CMakeFiles/main.dir/C_/Pico/pico-sdk/lib/tinyusb/src/device/usbd.c.obj
 .bss._usbd_ctrl_buf
                0x20000ae4       0x40 CMakeFiles/main.dir/C_/Pico/pico-sdk/lib/tinyusb/src/device/usbd_control.c.obj
 .bss._usbd_dev
                0x20000b24       0x53 CMakeFiles/main.dir/C_/Pico/pico-sdk/lib/tinyusb/src/device/usbd.c.obj
 *fill*         0x20000b77        0x1 
 .bss._usbd_mutex
                0x20000b78        0x4 CMakeFiles/main.dir/C_/Pico/pico-sdk/lib/tinyusb/src/device/usbd.c.obj
 .bss._usbd_q   0x20000b7c        0x4 CMakeFiles/main.dir/C_/Pico/pico-sdk/lib/tinyusb/src/device/usbd.c.obj
 .bss._usbd_qdef_buf
                0x20000b80       0xc0 CMakeFiles/main.dir/C_/Pico/pico-sdk/lib/tinyusb/src/device/usbd.c.obj
                0x20000b80                _usbd_qdef_buf
 .bss.alarm_callbacks
                0x20000c40       0x10 CMakeFiles/main.dir/C_/Pico/pico-sdk/src/rp2_common/hardware_timer/timer.c.obj
 .bss.boot2_copyout
                0x20000c50      0x100 CMakeFiles/main.dir/C_/Pico/pico-sdk/src/rp2_common/hardware_flash/flash.c.obj
 .bss.claimed   0x20000d50        0x4 CMakeFiles/main.dir/C_/Pico/pico-sdk/src/rp2_common/hardware_sync/sync.c.obj
 .bss.configured_freq
                0x20000d54       0x28 CMakeFiles/main.dir/C_/Pico/pico-sdk/src/rp2_common/hardware_clocks/clocks.c.obj
 .bss.default_alarm_pool_entry_ids_high
                0x20000d7c       0x10 CMakeFiles/main.dir/C_/Pico/pico-sdk/src/common/pico_time/time.c.obj
 .bss.default_alarm_pool_heap_nodes
                0x20000d8c       0x30 CMakeFiles/main.dir/C_/Pico/pico-sdk/src/common/pico_time/time.c.obj
 .bss.desc_str.0
                0x20000dbc       0x28 CMakeFiles/main.dir/C_/Pico/pico-sdk/src/rp2_common/pico_stdio_usb/stdio_usb_descriptors.c.obj
 .bss.drivers   0x20000de4        0x4 CMakeFiles/main.dir/C_/Pico/pico-sdk/src/rp2_common/pico_stdio/stdio.c.obj
 .bss.filter    0x20000de8        0x4 CMakeFiles/main.dir/C_/Pico/pico-sdk/src/rp2_common/pico_stdio/stdio.c.obj
 .bss.hw_endpoints
                0x20000dec      0x400 CMakeFiles/main.dir/C_/Pico/pico-sdk/lib/tinyusb/src/portable/raspberrypi/rp2040/dcd_rp2040.c.obj
 .bss.lazy_vsnprintf
                0x200011ec        0x4 CMakeFiles/main.dir/C_/Pico/pico-sdk/src/rp2_common/pico_printf/printf.c.obj
 .bss.load_value
                0x200011f0        0x4 CMakeFiles/main.dir/C_/Pico/pico-sdk/src/rp2_common/hardware_watchdog/watchdog.c.obj
 .bss.next_buffer_ptr
                0x200011f4        0x4 CMakeFiles/main.dir/C_/Pico/pico-sdk/lib/tinyusb/src/portable/raspberrypi/rp2040/dcd_rp2040.c.obj
 .bss.pools     0x200011f8       0x10 CMakeFiles/main.dir/C_/Pico/pico-sdk/src/common/pico_time/time.c.obj
 .bss.retrieved_id
                0x20001208        0x8 CMakeFiles/main.dir/C_/Pico/pico-sdk/src/rp2_common/pico_unique_id/unique_id.c.obj
 .bss.sf_clz_func
                0x20001210        0x4 CMakeFiles/main.dir/C_/Pico/pico-sdk/src/rp2_common/pico_double/double_init_rom.c.obj
                0x20001210                sf_clz_func
 .bss.sleep_notifier
                0x20001214        0x4 CMakeFiles/main.dir/C_/Pico/pico-sdk/src/common/pico_time/time.c.obj
 .bss.stdio_usb_mutex
                0x20001218        0x8 CMakeFiles/main.dir/C_/Pico/pico-sdk/src/rp2_common/pico_stdio_usb/stdio_usb.c.obj
 .bss.target_hi
                0x20001220       0x10 CMakeFiles/main.dir/C_/Pico/pico-sdk/src/rp2_common/hardware_timer/timer.c.obj
 .bss.usbd_serial_str
                0x20001230       0x11 CMakeFiles/main.dir/C_/Pico/pico-sdk/src/rp2_common/pico_stdio_usb/stdio_usb_descriptors.c.obj
 *fill*         0x20001241        0x1 
 .bss.AWG_PeakToPeakCh1
                0x20001242        0x2 CMakeFiles/main.dir/src/Main.c.obj
                0x20001242                AWG_PeakToPeakCh1
 .bss.AWG_PeakToPeakCh2
                0x20001244        0x2 CMakeFiles/main.dir/src/Main.c.obj
                0x20001244                AWG_PeakToPeakCh2
 .bss.OSC_TriggerCh1
                0x20001246        0x2 CMakeFiles/main.dir/src/Main.c.obj
                0x20001246                OSC_TriggerCh1
 .bss.OSC_TriggerCh2
                0x20001248        0x2 CMakeFiles/main.dir/src/Main.c.obj
                0x20001248                OSC_TriggerCh2
 .bss.OSC_mSecPerDivCh1
                0x2000124a        0x2 CMakeFiles/main.dir/src/Main.c.obj
                0x2000124a                OSC_mSecPerDivCh1
 .bss.OSC_mSecPerDivCh2
                0x2000124c        0x2 CMakeFiles/main.dir/src/Main.c.obj
                0x2000124c                OSC_mSecPerDivCh2
 .bss.OSC_mVoltPerDivCh1
                0x2000124e        0x2 CMakeFiles/main.dir/src/Main.c.obj
                0x2000124e                OSC_mVoltPerDivCh1
 .bss.OSC_mVoltPerDivCh2
                0x20001250        0x2 CMakeFiles/main.dir/src/Main.c.obj
                0x20001250                OSC_mVoltPerDivCh2
 .bss.SA_CaptureDepthCh1
                0x20001252        0x2 CMakeFiles/main.dir/src/Main.c.obj
                0x20001252                SA_CaptureDepthCh1
 .bss.SA_CaptureDepthCh2
                0x20001254        0x2 CMakeFiles/main.dir/src/Main.c.obj
                0x20001254                SA_CaptureDepthCh2
 .bss.AWG_ActiveChannels
                0x20001256        0x1 CMakeFiles/main.dir/src/Main.c.obj
                0x20001256                AWG_ActiveChannels
 .bss.AWG_AmplificationCh1
                0x20001257        0x1 CMakeFiles/main.dir/src/Main.c.obj
                0x20001257                AWG_AmplificationCh1
 .bss.AWG_AmplificationCh2
                0x20001258        0x1 CMakeFiles/main.dir/src/Main.c.obj
                0x20001258                AWG_AmplificationCh2
 .bss.AWG_WaveTypeCh1
                0x20001259        0x1 CMakeFiles/main.dir/src/Main.c.obj
                0x20001259                AWG_WaveTypeCh1
 .bss.AWG_WaveTypeCh2
                0x2000125a        0x1 CMakeFiles/main.dir/src/Main.c.obj
                0x2000125a                AWG_WaveTypeCh2
 .bss.Bytes_Read.0
                0x2000125b        0x1 CMakeFiles/main.dir/src/Communication.c.obj
 .bss.Data_In_Ready
                0x2000125c        0x1 CMakeFiles/main.dir/src/Communication.c.obj
                0x2000125c                Data_In_Ready
 .bss.OSC_AmplificationCh1
                0x2000125d        0x1 CMakeFiles/main.dir/src/Main.c.obj
                0x2000125d                OSC_AmplificationCh1
 .bss.OSC_AmplificationCh2
                0x2000125e        0x1 CMakeFiles/main.dir/src/Main.c.obj
                0x2000125e                OSC_AmplificationCh2
 .bss.OSC_DirectionCh1
                0x2000125f        0x1 CMakeFiles/main.dir/src/Main.c.obj
                0x2000125f                OSC_DirectionCh1
 .bss.OSC_DirectionCh2
                0x20001260        0x1 CMakeFiles/main.dir/src/Main.c.obj
                0x20001260                OSC_DirectionCh2
 .bss.SA_ActiveChannels
                0x20001261        0x1 CMakeFiles/main.dir/src/Main.c.obj
                0x20001261                SA_ActiveChannels
 .bss.SA_AmplificationCh1
                0x20001262        0x1 CMakeFiles/main.dir/src/Main.c.obj
                0x20001262                SA_AmplificationCh1
 .bss.SA_AmplificationCh2
                0x20001263        0x1 CMakeFiles/main.dir/src/Main.c.obj
                0x20001263                SA_AmplificationCh2
 .bss._app_driver_count
                0x20001264        0x1 CMakeFiles/main.dir/C_/Pico/pico-sdk/lib/tinyusb/src/device/usbd.c.obj
 .bss._usbd_initialized
                0x20001265        0x1 CMakeFiles/main.dir/C_/Pico/pico-sdk/lib/tinyusb/src/device/usbd.c.obj
 .bss.boot2_copyout_valid
                0x20001266        0x1 CMakeFiles/main.dir/C_/Pico/pico-sdk/src/rp2_common/hardware_flash/flash.c.obj
 .bss.claimed   0x20001267        0x1 CMakeFiles/main.dir/C_/Pico/pico-sdk/src/rp2_common/hardware_timer/timer.c.obj
 .bss.irq_hander_chain_free_slot_head
                0x20001268        0x1 CMakeFiles/main.dir/C_/Pico/pico-sdk/src/rp2_common/hardware_irq/irq.c.obj
 .bss.itf_num   0x20001269        0x1 CMakeFiles/main.dir/C_/Pico/pico-sdk/src/rp2_common/pico_stdio_usb/reset_interface.c.obj
 .bss.timer_callbacks_pending
                0x2000126a        0x1 CMakeFiles/main.dir/C_/Pico/pico-sdk/src/rp2_common/hardware_timer/timer.c.obj
 *(COMMON)
                0x2000126c                . = ALIGN (0x4)
 *fill*         0x2000126b        0x1 
                0x2000126c                __bss_end__ = .

.heap           0x2000126c      0x800
                0x2000126c                __end__ = .
                0x2000126c                end = __end__
 *(.heap*)
 .heap          0x2000126c      0x800 CMakeFiles/main.dir/C_/Pico/pico-sdk/src/rp2_common/pico_standard_link/crt0.S.obj
                0x20001a6c                __HeapLimit = .

.stack1_dummy   0x20040000        0x0
 *(.stack1*)

.stack_dummy    0x20041000      0x800
 *(.stack*)
 .stack         0x20041000      0x800 CMakeFiles/main.dir/C_/Pico/pico-sdk/src/rp2_common/pico_standard_link/crt0.S.obj

.flash_end      0x1000850c        0x0
                0x1000850c                __flash_binary_end = .
                0x20040000                __StackLimit = (ORIGIN (RAM) + LENGTH (RAM))
                0x20041000                __StackOneTop = (ORIGIN (SCRATCH_X) + LENGTH (SCRATCH_X))
                0x20042000                __StackTop = (ORIGIN (SCRATCH_Y) + LENGTH (SCRATCH_Y))
                0x20041000                __StackOneBottom = (__StackOneTop - SIZEOF (.stack1_dummy))
                0x20041800                __StackBottom = (__StackTop - SIZEOF (.stack_dummy))
                0x20042000                PROVIDE (__stack = __StackTop)
                0x00000001                ASSERT ((__StackLimit >= __HeapLimit), region RAM overflowed)
                0x00000001                ASSERT (((__binary_info_header_end - __logical_binary_start) <= 0x100), Binary info must be in first 256 bytes of the binary)
LOAD CMakeFiles/main.dir/src/Communication.c.obj
LOAD CMakeFiles/main.dir/src/Settings.c.obj
LOAD CMakeFiles/main.dir/src/ADC.c.obj
LOAD CMakeFiles/main.dir/src/DAC.c.obj
LOAD CMakeFiles/main.dir/src/Analyzer.c.obj
LOAD CMakeFiles/main.dir/src/Scope.c.obj
LOAD CMakeFiles/main.dir/src/AWG.c.obj
LOAD CMakeFiles/main.dir/src/Error.c.obj
LOAD CMakeFiles/main.dir/src/LIA.c.obj
LOAD CMakeFiles/main.dir/src/Main.c.obj
LOAD CMakeFiles/main.dir/C_/Pico/pico-sdk/src/rp2_common/pico_runtime/runtime.c.obj
LOAD CMakeFiles/main.dir/C_/Pico/pico-sdk/src/rp2_common/hardware_uart/uart.c.obj
LOAD CMakeFiles/main.dir/C_/Pico/pico-sdk/src/rp2_common/hardware_claim/claim.c.obj
LOAD CMakeFiles/main.dir/C_/Pico/pico-sdk/src/rp2_common/pico_platform/platform.c.obj
LOAD CMakeFiles/main.dir/C_/Pico/pico-sdk/src/rp2_common/hardware_sync/sync.c.obj
LOAD CMakeFiles/main.dir/C_/Pico/pico-sdk/src/rp2_common/hardware_clocks/clocks.c.obj
LOAD CMakeFiles/main.dir/C_/Pico/pico-sdk/src/rp2_common/hardware_gpio/gpio.c.obj
LOAD CMakeFiles/main.dir/C_/Pico/pico-sdk/src/rp2_common/hardware_irq/irq.c.obj
LOAD CMakeFiles/main.dir/C_/Pico/pico-sdk/src/rp2_common/hardware_irq/irq_handler_chain.S.obj
LOAD CMakeFiles/main.dir/C_/Pico/pico-sdk/src/common/pico_sync/sem.c.obj
LOAD CMakeFiles/main.dir/C_/Pico/pico-sdk/src/common/pico_sync/lock_core.c.obj
LOAD CMakeFiles/main.dir/C_/Pico/pico-sdk/src/common/pico_time/time.c.obj
LOAD CMakeFiles/main.dir/C_/Pico/pico-sdk/src/common/pico_time/timeout_helper.c.obj
LOAD CMakeFiles/main.dir/C_/Pico/pico-sdk/src/rp2_common/hardware_timer/timer.c.obj
LOAD CMakeFiles/main.dir/C_/Pico/pico-sdk/src/common/pico_util/datetime.c.obj
LOAD CMakeFiles/main.dir/C_/Pico/pico-sdk/src/common/pico_util/pheap.c.obj
LOAD CMakeFiles/main.dir/C_/Pico/pico-sdk/src/common/pico_util/queue.c.obj
LOAD CMakeFiles/main.dir/C_/Pico/pico-sdk/src/common/pico_sync/mutex.c.obj
LOAD CMakeFiles/main.dir/C_/Pico/pico-sdk/src/common/pico_sync/critical_section.c.obj
LOAD CMakeFiles/main.dir/C_/Pico/pico-sdk/src/rp2_common/hardware_pll/pll.c.obj
LOAD CMakeFiles/main.dir/C_/Pico/pico-sdk/src/rp2_common/hardware_vreg/vreg.c.obj
LOAD CMakeFiles/main.dir/C_/Pico/pico-sdk/src/rp2_common/hardware_watchdog/watchdog.c.obj
LOAD CMakeFiles/main.dir/C_/Pico/pico-sdk/src/rp2_common/hardware_xosc/xosc.c.obj
LOAD CMakeFiles/main.dir/C_/Pico/pico-sdk/src/rp2_common/pico_printf/printf.c.obj
LOAD CMakeFiles/main.dir/C_/Pico/pico-sdk/src/rp2_common/pico_bit_ops/bit_ops_aeabi.S.obj
LOAD CMakeFiles/main.dir/C_/Pico/pico-sdk/src/rp2_common/pico_bootrom/bootrom.c.obj
LOAD CMakeFiles/main.dir/C_/Pico/pico-sdk/src/rp2_common/pico_divider/divider.S.obj
LOAD CMakeFiles/main.dir/C_/Pico/pico-sdk/src/rp2_common/hardware_divider/divider.S.obj
LOAD CMakeFiles/main.dir/C_/Pico/pico-sdk/src/rp2_common/pico_double/double_aeabi.S.obj
LOAD CMakeFiles/main.dir/C_/Pico/pico-sdk/src/rp2_common/pico_double/double_init_rom.c.obj
LOAD CMakeFiles/main.dir/C_/Pico/pico-sdk/src/rp2_common/pico_double/double_math.c.obj
LOAD CMakeFiles/main.dir/C_/Pico/pico-sdk/src/rp2_common/pico_double/double_v1_rom_shim.S.obj
LOAD CMakeFiles/main.dir/C_/Pico/pico-sdk/src/rp2_common/pico_int64_ops/pico_int64_ops_aeabi.S.obj
LOAD CMakeFiles/main.dir/C_/Pico/pico-sdk/src/rp2_common/pico_float/float_aeabi.S.obj
LOAD CMakeFiles/main.dir/C_/Pico/pico-sdk/src/rp2_common/pico_float/float_init_rom.c.obj
LOAD CMakeFiles/main.dir/C_/Pico/pico-sdk/src/rp2_common/pico_float/float_math.c.obj
LOAD CMakeFiles/main.dir/C_/Pico/pico-sdk/src/rp2_common/pico_float/float_v1_rom_shim.S.obj
LOAD CMakeFiles/main.dir/C_/Pico/pico-sdk/src/rp2_common/pico_malloc/pico_malloc.c.obj
LOAD CMakeFiles/main.dir/C_/Pico/pico-sdk/src/rp2_common/pico_mem_ops/mem_ops_aeabi.S.obj
LOAD CMakeFiles/main.dir/C_/Pico/pico-sdk/src/rp2_common/pico_standard_link/crt0.S.obj
LOAD CMakeFiles/main.dir/C_/Pico/pico-sdk/src/rp2_common/pico_standard_link/new_delete.cpp.obj
LOAD CMakeFiles/main.dir/C_/Pico/pico-sdk/src/rp2_common/pico_standard_link/binary_info.c.obj
LOAD CMakeFiles/main.dir/C_/Pico/pico-sdk/src/rp2_common/pico_stdlib/stdlib.c.obj
LOAD CMakeFiles/main.dir/C_/Pico/pico-sdk/src/rp2_common/pico_stdio/stdio.c.obj
LOAD CMakeFiles/main.dir/C_/Pico/pico-sdk/src/rp2_common/pico_stdio_usb/reset_interface.c.obj
LOAD CMakeFiles/main.dir/C_/Pico/pico-sdk/src/rp2_common/pico_stdio_usb/stdio_usb.c.obj
LOAD CMakeFiles/main.dir/C_/Pico/pico-sdk/src/rp2_common/pico_stdio_usb/stdio_usb_descriptors.c.obj
LOAD CMakeFiles/main.dir/C_/Pico/pico-sdk/lib/tinyusb/src/portable/raspberrypi/rp2040/dcd_rp2040.c.obj
LOAD CMakeFiles/main.dir/C_/Pico/pico-sdk/lib/tinyusb/src/portable/raspberrypi/rp2040/rp2040_usb.c.obj
LOAD CMakeFiles/main.dir/C_/Pico/pico-sdk/lib/tinyusb/src/device/usbd.c.obj
LOAD CMakeFiles/main.dir/C_/Pico/pico-sdk/lib/tinyusb/src/device/usbd_control.c.obj
LOAD CMakeFiles/main.dir/C_/Pico/pico-sdk/lib/tinyusb/src/class/audio/audio_device.c.obj
LOAD CMakeFiles/main.dir/C_/Pico/pico-sdk/lib/tinyusb/src/class/cdc/cdc_device.c.obj
LOAD CMakeFiles/main.dir/C_/Pico/pico-sdk/lib/tinyusb/src/class/dfu/dfu_device.c.obj
LOAD CMakeFiles/main.dir/C_/Pico/pico-sdk/lib/tinyusb/src/class/dfu/dfu_rt_device.c.obj
LOAD CMakeFiles/main.dir/C_/Pico/pico-sdk/lib/tinyusb/src/class/hid/hid_device.c.obj
LOAD CMakeFiles/main.dir/C_/Pico/pico-sdk/lib/tinyusb/src/class/midi/midi_device.c.obj
LOAD CMakeFiles/main.dir/C_/Pico/pico-sdk/lib/tinyusb/src/class/msc/msc_device.c.obj
LOAD CMakeFiles/main.dir/C_/Pico/pico-sdk/lib/tinyusb/src/class/net/ecm_rndis_device.c.obj
LOAD CMakeFiles/main.dir/C_/Pico/pico-sdk/lib/tinyusb/src/class/net/ncm_device.c.obj
LOAD CMakeFiles/main.dir/C_/Pico/pico-sdk/lib/tinyusb/src/class/usbtmc/usbtmc_device.c.obj
LOAD CMakeFiles/main.dir/C_/Pico/pico-sdk/lib/tinyusb/src/class/vendor/vendor_device.c.obj
LOAD CMakeFiles/main.dir/C_/Pico/pico-sdk/lib/tinyusb/src/class/video/video_device.c.obj
LOAD CMakeFiles/main.dir/C_/Pico/pico-sdk/lib/tinyusb/src/tusb.c.obj
LOAD CMakeFiles/main.dir/C_/Pico/pico-sdk/lib/tinyusb/src/common/tusb_fifo.c.obj
LOAD CMakeFiles/main.dir/C_/Pico/pico-sdk/src/rp2_common/pico_fix/rp2040_usb_device_enumeration/rp2040_usb_device_enumeration.c.obj
LOAD CMakeFiles/main.dir/C_/Pico/pico-sdk/src/rp2_common/pico_unique_id/unique_id.c.obj
LOAD CMakeFiles/main.dir/C_/Pico/pico-sdk/src/rp2_common/hardware_flash/flash.c.obj
LOAD CMakeFiles/main.dir/C_/Pico/pico-sdk/src/rp2_common/hardware_adc/adc.c.obj
LOAD CMakeFiles/main.dir/C_/Pico/pico-sdk/src/rp2_common/hardware_dma/dma.c.obj
LOAD libkiss_fftr.a
LOAD C:\Users\Daniel\AppData\Local\Temp\cciA7sZS.o
LOAD libkiss_fft.a
LOAD c:/progra~2/gnuarm~1/102020~1/bin/../lib/gcc/arm-none-eabi/10.2.1/../../../../arm-none-eabi/lib/thumb/v6-m/nofp\libstdc++.a
LOAD c:/progra~2/gnuarm~1/102020~1/bin/../lib/gcc/arm-none-eabi/10.2.1/../../../../arm-none-eabi/lib/thumb/v6-m/nofp\libm.a
START GROUP
LOAD c:/progra~2/gnuarm~1/102020~1/bin/../lib/gcc/arm-none-eabi/10.2.1/thumb/v6-m/nofp\libgcc.a
LOAD c:/progra~2/gnuarm~1/102020~1/bin/../lib/gcc/arm-none-eabi/10.2.1/../../../../arm-none-eabi/lib/thumb/v6-m/nofp\libc.a
END GROUP
START GROUP
LOAD c:/progra~2/gnuarm~1/102020~1/bin/../lib/gcc/arm-none-eabi/10.2.1/thumb/v6-m/nofp\libgcc.a
LOAD c:/progra~2/gnuarm~1/102020~1/bin/../lib/gcc/arm-none-eabi/10.2.1/../../../../arm-none-eabi/lib/thumb/v6-m/nofp\libc.a
LOAD c:/progra~2/gnuarm~1/102020~1/bin/../lib/gcc/arm-none-eabi/10.2.1/../../../../arm-none-eabi/lib/thumb/v6-m/nofp\libnosys.a
END GROUP
LOAD c:/progra~2/gnuarm~1/102020~1/bin/../lib/gcc/arm-none-eabi/10.2.1/thumb/v6-m/nofp/crtend.o
LOAD c:/progra~2/gnuarm~1/102020~1/bin/../lib/gcc/arm-none-eabi/10.2.1/thumb/v6-m/nofp/crtn.o
OUTPUT(main.elf elf32-littlearm)
LOAD linker stubs

.ARM.attributes
                0x00000000       0x28
 .ARM.attributes
                0x00000000       0x1e c:/progra~2/gnuarm~1/102020~1/bin/../lib/gcc/arm-none-eabi/10.2.1/thumb/v6-m/nofp/crti.o
 .ARM.attributes
                0x0000001e       0x2c c:/progra~2/gnuarm~1/102020~1/bin/../lib/gcc/arm-none-eabi/10.2.1/thumb/v6-m/nofp/crtbegin.o
 .ARM.attributes
                0x0000004a       0x2c CMakeFiles/main.dir/src/Communication.c.obj
 .ARM.attributes
                0x00000076       0x2c CMakeFiles/main.dir/src/Analyzer.c.obj
 .ARM.attributes
                0x000000a2       0x2c CMakeFiles/main.dir/src/Scope.c.obj
 .ARM.attributes
                0x000000ce       0x2c CMakeFiles/main.dir/src/AWG.c.obj
 .ARM.attributes
                0x000000fa       0x2c CMakeFiles/main.dir/src/LIA.c.obj
 .ARM.attributes
                0x00000126       0x2c CMakeFiles/main.dir/src/Main.c.obj
 .ARM.attributes
                0x00000152       0x2c CMakeFiles/main.dir/C_/Pico/pico-sdk/src/rp2_common/pico_runtime/runtime.c.obj
 .ARM.attributes
                0x0000017e       0x2c CMakeFiles/main.dir/C_/Pico/pico-sdk/src/rp2_common/hardware_claim/claim.c.obj
 .ARM.attributes
                0x000001aa       0x2c CMakeFiles/main.dir/C_/Pico/pico-sdk/src/rp2_common/pico_platform/platform.c.obj
 .ARM.attributes
                0x000001d6       0x2c CMakeFiles/main.dir/C_/Pico/pico-sdk/src/rp2_common/hardware_sync/sync.c.obj
 .ARM.attributes
                0x00000202       0x2c CMakeFiles/main.dir/C_/Pico/pico-sdk/src/rp2_common/hardware_clocks/clocks.c.obj
 .ARM.attributes
                0x0000022e       0x2c CMakeFiles/main.dir/C_/Pico/pico-sdk/src/rp2_common/hardware_irq/irq.c.obj
 .ARM.attributes
                0x0000025a       0x22 CMakeFiles/main.dir/C_/Pico/pico-sdk/src/rp2_common/hardware_irq/irq_handler_chain.S.obj
 .ARM.attributes
                0x0000027c       0x2c CMakeFiles/main.dir/C_/Pico/pico-sdk/src/common/pico_sync/lock_core.c.obj
 .ARM.attributes
                0x000002a8       0x2c CMakeFiles/main.dir/C_/Pico/pico-sdk/src/common/pico_time/time.c.obj
 .ARM.attributes
                0x000002d4       0x2c CMakeFiles/main.dir/C_/Pico/pico-sdk/src/rp2_common/hardware_timer/timer.c.obj
 .ARM.attributes
                0x00000300       0x2c CMakeFiles/main.dir/C_/Pico/pico-sdk/src/common/pico_util/pheap.c.obj
 .ARM.attributes
                0x0000032c       0x2c CMakeFiles/main.dir/C_/Pico/pico-sdk/src/common/pico_sync/mutex.c.obj
 .ARM.attributes
                0x00000358       0x2c CMakeFiles/main.dir/C_/Pico/pico-sdk/src/common/pico_sync/critical_section.c.obj
 .ARM.attributes
                0x00000384       0x2c CMakeFiles/main.dir/C_/Pico/pico-sdk/src/rp2_common/hardware_pll/pll.c.obj
 .ARM.attributes
                0x000003b0       0x2c CMakeFiles/main.dir/C_/Pico/pico-sdk/src/rp2_common/hardware_vreg/vreg.c.obj
 .ARM.attributes
                0x000003dc       0x2c CMakeFiles/main.dir/C_/Pico/pico-sdk/src/rp2_common/hardware_watchdog/watchdog.c.obj
 .ARM.attributes
                0x00000408       0x2c CMakeFiles/main.dir/C_/Pico/pico-sdk/src/rp2_common/hardware_xosc/xosc.c.obj
 .ARM.attributes
                0x00000434       0x2c CMakeFiles/main.dir/C_/Pico/pico-sdk/src/rp2_common/pico_printf/printf.c.obj
 .ARM.attributes
                0x00000460       0x22 CMakeFiles/main.dir/C_/Pico/pico-sdk/src/rp2_common/pico_bit_ops/bit_ops_aeabi.S.obj
 .ARM.attributes
                0x00000482       0x2c CMakeFiles/main.dir/C_/Pico/pico-sdk/src/rp2_common/pico_bootrom/bootrom.c.obj
 .ARM.attributes
                0x000004ae       0x22 CMakeFiles/main.dir/C_/Pico/pico-sdk/src/rp2_common/pico_divider/divider.S.obj
 .ARM.attributes
                0x000004d0       0x22 CMakeFiles/main.dir/C_/Pico/pico-sdk/src/rp2_common/pico_double/double_aeabi.S.obj
 .ARM.attributes
                0x000004f2       0x2c CMakeFiles/main.dir/C_/Pico/pico-sdk/src/rp2_common/pico_double/double_init_rom.c.obj
 .ARM.attributes
                0x0000051e       0x22 CMakeFiles/main.dir/C_/Pico/pico-sdk/src/rp2_common/pico_double/double_v1_rom_shim.S.obj
 .ARM.attributes
                0x00000540       0x22 CMakeFiles/main.dir/C_/Pico/pico-sdk/src/rp2_common/pico_int64_ops/pico_int64_ops_aeabi.S.obj
 .ARM.attributes
                0x00000562       0x22 CMakeFiles/main.dir/C_/Pico/pico-sdk/src/rp2_common/pico_float/float_aeabi.S.obj
 .ARM.attributes
                0x00000584       0x2c CMakeFiles/main.dir/C_/Pico/pico-sdk/src/rp2_common/pico_float/float_init_rom.c.obj
 .ARM.attributes
                0x000005b0       0x22 CMakeFiles/main.dir/C_/Pico/pico-sdk/src/rp2_common/pico_float/float_v1_rom_shim.S.obj
 .ARM.attributes
                0x000005d2       0x22 CMakeFiles/main.dir/C_/Pico/pico-sdk/src/rp2_common/pico_mem_ops/mem_ops_aeabi.S.obj
 .ARM.attributes
                0x000005f4       0x22 CMakeFiles/main.dir/C_/Pico/pico-sdk/src/rp2_common/pico_standard_link/crt0.S.obj
 .ARM.attributes
                0x00000616       0x32 CMakeFiles/main.dir/C_/Pico/pico-sdk/src/rp2_common/pico_standard_link/binary_info.c.obj
 .ARM.attributes
                0x00000648       0x2c CMakeFiles/main.dir/C_/Pico/pico-sdk/src/rp2_common/pico_stdlib/stdlib.c.obj
 .ARM.attributes
                0x00000674       0x2c CMakeFiles/main.dir/C_/Pico/pico-sdk/src/rp2_common/pico_stdio/stdio.c.obj
 .ARM.attributes
                0x000006a0       0x2c CMakeFiles/main.dir/C_/Pico/pico-sdk/src/rp2_common/pico_stdio_usb/reset_interface.c.obj
 .ARM.attributes
                0x000006cc       0x2c CMakeFiles/main.dir/C_/Pico/pico-sdk/src/rp2_common/pico_stdio_usb/stdio_usb.c.obj
 .ARM.attributes
                0x000006f8       0x2c CMakeFiles/main.dir/C_/Pico/pico-sdk/src/rp2_common/pico_stdio_usb/stdio_usb_descriptors.c.obj
 .ARM.attributes
                0x00000724       0x2c CMakeFiles/main.dir/C_/Pico/pico-sdk/lib/tinyusb/src/portable/raspberrypi/rp2040/dcd_rp2040.c.obj
 .ARM.attributes
                0x00000750       0x2c CMakeFiles/main.dir/C_/Pico/pico-sdk/lib/tinyusb/src/portable/raspberrypi/rp2040/rp2040_usb.c.obj
 .ARM.attributes
                0x0000077c       0x2c CMakeFiles/main.dir/C_/Pico/pico-sdk/lib/tinyusb/src/device/usbd.c.obj
 .ARM.attributes
                0x000007a8       0x2c CMakeFiles/main.dir/C_/Pico/pico-sdk/lib/tinyusb/src/device/usbd_control.c.obj
 .ARM.attributes
                0x000007d4       0x2c CMakeFiles/main.dir/C_/Pico/pico-sdk/lib/tinyusb/src/class/cdc/cdc_device.c.obj
 .ARM.attributes
                0x00000800       0x2c CMakeFiles/main.dir/C_/Pico/pico-sdk/lib/tinyusb/src/tusb.c.obj
 .ARM.attributes
                0x0000082c       0x2c CMakeFiles/main.dir/C_/Pico/pico-sdk/lib/tinyusb/src/common/tusb_fifo.c.obj
 .ARM.attributes
                0x00000858       0x2c CMakeFiles/main.dir/C_/Pico/pico-sdk/src/rp2_common/pico_unique_id/unique_id.c.obj
 .ARM.attributes
                0x00000884       0x2c CMakeFiles/main.dir/C_/Pico/pico-sdk/src/rp2_common/hardware_flash/flash.c.obj
 .ARM.attributes
                0x000008b0       0x22 C:\Users\Daniel\AppData\Local\Temp\cciA7sZS.o
 .ARM.attributes
                0x000008d2       0x1e c:/progra~2/gnuarm~1/102020~1/bin/../lib/gcc/arm-none-eabi/10.2.1/thumb/v6-m/nofp\libgcc.a(_dvmd_tls.o)
 .ARM.attributes
                0x000008f0       0x2c c:/progra~2/gnuarm~1/102020~1/bin/../lib/gcc/arm-none-eabi/10.2.1/../../../../arm-none-eabi/lib/thumb/v6-m/nofp\libc.a(lib_a-strlen-stub.o)

.comment        0x00000000       0x4d
 .comment       0x00000000       0x4d CMakeFiles/main.dir/src/Communication.c.obj
                                 0x4e (size before relaxing)
 .comment       0x0000004d       0x4e CMakeFiles/main.dir/src/Analyzer.c.obj
 .comment       0x0000004d       0x4e CMakeFiles/main.dir/src/Scope.c.obj
 .comment       0x0000004d       0x4e CMakeFiles/main.dir/src/AWG.c.obj
 .comment       0x0000004d       0x4e CMakeFiles/main.dir/src/LIA.c.obj
 .comment       0x0000004d       0x4e CMakeFiles/main.dir/src/Main.c.obj
 .comment       0x0000004d       0x4e CMakeFiles/main.dir/C_/Pico/pico-sdk/src/rp2_common/pico_runtime/runtime.c.obj
 .comment       0x0000004d       0x4e CMakeFiles/main.dir/C_/Pico/pico-sdk/src/rp2_common/hardware_claim/claim.c.obj
 .comment       0x0000004d       0x4e CMakeFiles/main.dir/C_/Pico/pico-sdk/src/rp2_common/pico_platform/platform.c.obj
 .comment       0x0000004d       0x4e CMakeFiles/main.dir/C_/Pico/pico-sdk/src/rp2_common/hardware_sync/sync.c.obj
 .comment       0x0000004d       0x4e CMakeFiles/main.dir/C_/Pico/pico-sdk/src/rp2_common/hardware_clocks/clocks.c.obj